Archive member included to satisfy reference by file (symbol)

d:/programy/eclipse/plugins/fr.ac6.mcu.externaltools.arm-none.win32_1.7.0.201602121829/tools/compiler/bin/../lib/gcc/arm-none-eabi/5.2.1/armv7e-m/fpu\libgcc.a(_arm_addsubdf3.o)
                              src\ts.o (__aeabi_dsub)
d:/programy/eclipse/plugins/fr.ac6.mcu.externaltools.arm-none.win32_1.7.0.201602121829/tools/compiler/bin/../lib/gcc/arm-none-eabi/5.2.1/armv7e-m/fpu\libgcc.a(_arm_muldivdf3.o)
                              src\ts.o (__aeabi_dmul)
d:/programy/eclipse/plugins/fr.ac6.mcu.externaltools.arm-none.win32_1.7.0.201602121829/tools/compiler/bin/../lib/gcc/arm-none-eabi/5.2.1/armv7e-m/fpu\libgcc.a(_arm_fixdfsi.o)
                              src\ts.o (__aeabi_d2iz)
d:/programy/eclipse/plugins/fr.ac6.mcu.externaltools.arm-none.win32_1.7.0.201602121829/tools/compiler/bin/../lib/gcc/arm-none-eabi/5.2.1/armv7e-m/fpu\libgcc.a(_arm_fixunsdfsi.o)
                              src\ts.o (__aeabi_d2uiz)
d:/programy/eclipse/plugins/fr.ac6.mcu.externaltools.arm-none.win32_1.7.0.201602121829/tools/compiler/bin/../lib/gcc/arm-none-eabi/5.2.1/../../../../arm-none-eabi/lib/armv7e-m/fpu\libc.a(lib_a-errno.o)
                              src\syscalls.o (__errno)
d:/programy/eclipse/plugins/fr.ac6.mcu.externaltools.arm-none.win32_1.7.0.201602121829/tools/compiler/bin/../lib/gcc/arm-none-eabi/5.2.1/../../../../arm-none-eabi/lib/armv7e-m/fpu\libc.a(lib_a-exit.o)
                              d:/programy/eclipse/plugins/fr.ac6.mcu.externaltools.arm-none.win32_1.7.0.201602121829/tools/compiler/bin/../lib/gcc/arm-none-eabi/5.2.1/../../../../arm-none-eabi/lib/armv7e-m/fpu/crt0.o (exit)
d:/programy/eclipse/plugins/fr.ac6.mcu.externaltools.arm-none.win32_1.7.0.201602121829/tools/compiler/bin/../lib/gcc/arm-none-eabi/5.2.1/../../../../arm-none-eabi/lib/armv7e-m/fpu\libc.a(lib_a-impure.o)
                              d:/programy/eclipse/plugins/fr.ac6.mcu.externaltools.arm-none.win32_1.7.0.201602121829/tools/compiler/bin/../lib/gcc/arm-none-eabi/5.2.1/../../../../arm-none-eabi/lib/armv7e-m/fpu\libc.a(lib_a-exit.o) (_global_impure_ptr)
d:/programy/eclipse/plugins/fr.ac6.mcu.externaltools.arm-none.win32_1.7.0.201602121829/tools/compiler/bin/../lib/gcc/arm-none-eabi/5.2.1/../../../../arm-none-eabi/lib/armv7e-m/fpu\libc.a(lib_a-init.o)
                              d:/programy/eclipse/plugins/fr.ac6.mcu.externaltools.arm-none.win32_1.7.0.201602121829/tools/compiler/bin/../lib/gcc/arm-none-eabi/5.2.1/../../../../arm-none-eabi/lib/armv7e-m/fpu/crt0.o (__libc_init_array)
d:/programy/eclipse/plugins/fr.ac6.mcu.externaltools.arm-none.win32_1.7.0.201602121829/tools/compiler/bin/../lib/gcc/arm-none-eabi/5.2.1/../../../../arm-none-eabi/lib/armv7e-m/fpu\libc.a(lib_a-itoa.o)
                              src\DS1B20.o (itoa)
d:/programy/eclipse/plugins/fr.ac6.mcu.externaltools.arm-none.win32_1.7.0.201602121829/tools/compiler/bin/../lib/gcc/arm-none-eabi/5.2.1/../../../../arm-none-eabi/lib/armv7e-m/fpu\libc.a(lib_a-memset.o)
                              d:/programy/eclipse/plugins/fr.ac6.mcu.externaltools.arm-none.win32_1.7.0.201602121829/tools/compiler/bin/../lib/gcc/arm-none-eabi/5.2.1/../../../../arm-none-eabi/lib/armv7e-m/fpu/crt0.o (memset)
d:/programy/eclipse/plugins/fr.ac6.mcu.externaltools.arm-none.win32_1.7.0.201602121829/tools/compiler/bin/../lib/gcc/arm-none-eabi/5.2.1/../../../../arm-none-eabi/lib/armv7e-m/fpu\libc.a(lib_a-utoa.o)
                              d:/programy/eclipse/plugins/fr.ac6.mcu.externaltools.arm-none.win32_1.7.0.201602121829/tools/compiler/bin/../lib/gcc/arm-none-eabi/5.2.1/../../../../arm-none-eabi/lib/armv7e-m/fpu\libc.a(lib_a-itoa.o) (__utoa)
d:/programy/eclipse/plugins/fr.ac6.mcu.externaltools.arm-none.win32_1.7.0.201602121829/tools/compiler/bin/../lib/gcc/arm-none-eabi/5.2.1/../../../../arm-none-eabi/lib/armv7e-m/fpu\libc.a(lib_a-__call_atexit.o)
                              d:/programy/eclipse/plugins/fr.ac6.mcu.externaltools.arm-none.win32_1.7.0.201602121829/tools/compiler/bin/../lib/gcc/arm-none-eabi/5.2.1/../../../../arm-none-eabi/lib/armv7e-m/fpu\libc.a(lib_a-exit.o) (__call_exitprocs)
d:/programy/eclipse/plugins/fr.ac6.mcu.externaltools.arm-none.win32_1.7.0.201602121829/tools/compiler/bin/../lib/gcc/arm-none-eabi/5.2.1/../../../../arm-none-eabi/lib/armv7e-m/fpu\libc.a(lib_a-atexit.o)
                              d:/programy/eclipse/plugins/fr.ac6.mcu.externaltools.arm-none.win32_1.7.0.201602121829/tools/compiler/bin/../lib/gcc/arm-none-eabi/5.2.1/../../../../arm-none-eabi/lib/armv7e-m/fpu\libc.a(lib_a-__call_atexit.o) (atexit)
d:/programy/eclipse/plugins/fr.ac6.mcu.externaltools.arm-none.win32_1.7.0.201602121829/tools/compiler/bin/../lib/gcc/arm-none-eabi/5.2.1/../../../../arm-none-eabi/lib/armv7e-m/fpu\libc.a(lib_a-fini.o)
[...]
Memory Configuration

Name             Origin             Length             Attributes
FLASH            0x08000000         0x00100000         xr
RAM              0x20000000         0x00030000         xrw
MEMORY_B1        0x60000000         0x00000000         xr
*default*        0x00000000         0xffffffff

Linker script and memory map

LOAD d:/programy/eclipse/plugins/fr.ac6.mcu.externaltools.arm-none.win32_1.7.0.201602121829/tools/compiler/bin/../lib/gcc/arm-none-eabi/5.2.1/armv7e-m/fpu/crti.o
LOAD d:/programy/eclipse/plugins/fr.ac6.mcu.externaltools.arm-none.win32_1.7.0.201602121829/tools/compiler/bin/../lib/gcc/arm-none-eabi/5.2.1/armv7e-m/fpu/crtbegin.o
LOAD d:/programy/eclipse/plugins/fr.ac6.mcu.externaltools.arm-none.win32_1.7.0.201602121829/tools/compiler/bin/../lib/gcc/arm-none-eabi/5.2.1/../../../../arm-none-eabi/lib/armv7e-m/fpu/crt0.o
LOAD d:/programy/eclipse/plugins/fr.ac6.mcu.externaltools.arm-none.win32_1.7.0.201602121829/tools/compiler/bin/../lib/gcc/arm-none-eabi/5.2.1/../../../../arm-none-eabi/lib/armv7e-m/fpu\libm.a
LOAD StdPeriph_Driver\src\misc.o
LOAD StdPeriph_Driver\src\stm32f4xx_adc.o
LOAD StdPeriph_Driver\src\stm32f4xx_can.o
LOAD StdPeriph_Driver\src\stm32f4xx_crc.o
LOAD StdPeriph_Driver\src\stm32f4xx_cryp.o
LOAD StdPeriph_Driver\src\stm32f4xx_cryp_aes.o
LOAD StdPeriph_Driver\src\stm32f4xx_cryp_des.o
LOAD StdPeriph_Driver\src\stm32f4xx_cryp_tdes.o
LOAD StdPeriph_Driver\src\stm32f4xx_dac.o
LOAD StdPeriph_Driver\src\stm32f4xx_dbgmcu.o
LOAD StdPeriph_Driver\src\stm32f4xx_dcmi.o
LOAD StdPeriph_Driver\src\stm32f4xx_dma.o
LOAD StdPeriph_Driver\src\stm32f4xx_exti.o
LOAD StdPeriph_Driver\src\stm32f4xx_flash.o
LOAD StdPeriph_Driver\src\stm32f4xx_fsmc.o
LOAD StdPeriph_Driver\src\stm32f4xx_gpio.o
LOAD StdPeriph_Driver\src\stm32f4xx_hash.o
LOAD StdPeriph_Driver\src\stm32f4xx_hash_md5.o
LOAD StdPeriph_Driver\src\stm32f4xx_hash_sha1.o
LOAD StdPeriph_Driver\src\stm32f4xx_i2c.o
LOAD StdPeriph_Driver\src\stm32f4xx_iwdg.o
LOAD StdPeriph_Driver\src\stm32f4xx_pwr.o
LOAD StdPeriph_Driver\src\stm32f4xx_rcc.o
LOAD StdPeriph_Driver\src\stm32f4xx_rng.o
LOAD StdPeriph_Driver\src\stm32f4xx_rtc.o
LOAD StdPeriph_Driver\src\stm32f4xx_sdio.o
LOAD StdPeriph_Driver\src\stm32f4xx_spi.o
LOAD StdPeriph_Driver\src\stm32f4xx_syscfg.o
LOAD StdPeriph_Driver\src\stm32f4xx_tim.o
LOAD StdPeriph_Driver\src\stm32f4xx_usart.o
LOAD StdPeriph_Driver\src\stm32f4xx_wwdg.o
LOAD Utilities\stm32f4_discovery.o
LOAD Utilities\stm32f4_discovery_lis302dl.o
LOAD src\DS1B20.o
LOAD src\LCD_STM32F4.o
LOAD src\dcmi.o
LOAD src\fonts.o
LOAD src\main.o
LOAD src\menu.o
LOAD src\stm32f4xx_it.o
LOAD src\syscalls.o
LOAD src\system_stm32f4xx.o
LOAD src\ts.o
LOAD src\utilities.o
LOAD startup\startup_stm32f4xx.o
START GROUP
LOAD d:/programy/eclipse/plugins/fr.ac6.mcu.externaltools.arm-none.win32_1.7.0.201602121829/tools/compiler/bin/../lib/gcc/arm-none-eabi/5.2.1/armv7e-m/fpu\libgcc.a
LOAD d:/programy/eclipse/plugins/fr.ac6.mcu.externaltools.arm-none.win32_1.7.0.201602121829/tools/compiler/bin/../lib/gcc/arm-none-eabi/5.2.1/../../../../arm-none-eabi/lib/armv7e-m/fpu\libc.a
END GROUP
LOAD d:/programy/eclipse/plugins/fr.ac6.mcu.externaltools.arm-none.win32_1.7.0.201602121829/tools/compiler/bin/../lib/gcc/arm-none-eabi/5.2.1/armv7e-m/fpu/crtend.o
LOAD d:/programy/eclipse/plugins/fr.ac6.mcu.externaltools.arm-none.win32_1.7.0.201602121829/tools/compiler/bin/../lib/gcc/arm-none-eabi/5.2.1/armv7e-m/fpu/crtn.o
                0x20020000                _estack = 0x20020000
                0x00000000                _Min_Heap_Size = 0x0
                0x00000400                _Min_Stack_Size = 0x400

.isr_vector     0x08000000      0x188
                0x08000000                . = ALIGN (0x4)
 *(.isr_vector)
 .isr_vector    0x08000000      0x188 startup\startup_stm32f4xx.o
                0x08000000                g_pfnVectors
                0x08000188                . = ALIGN (0x4)

.text           0x08000188     0x6e14
                0x08000188                . = ALIGN (0x4)
 *(.text)
 .text          0x08000188       0xa4 d:/programy/eclipse/plugins/fr.ac6.mcu.externaltools.arm-none.win32_1.7.0.201602121829/tools/compiler/bin/../lib/gcc/arm-none-eabi/5.2.1/armv7e-m/fpu/crtbegin.o
 .text          0x0800022c      0x370 d:/programy/eclipse/plugins/fr.ac6.mcu.externaltools.arm-none.win32_1.7.0.201602121829/tools/compiler/bin/../lib/gcc/arm-none-eabi/5.2.1/armv7e-m/fpu\libgcc.a(_arm_addsubdf3.o)
                0x0800022c                __aeabi_drsub
                0x08000234                __aeabi_dsub
                0x08000234                __subdf3
                0x08000238                __aeabi_dadd
                0x08000238                __adddf3
                0x080004b0                __floatunsidf
                0x080004b0                __aeabi_ui2d
                0x080004d0                __floatsidf
                0x080004d0                __aeabi_i2d
                0x080004f4                __aeabi_f2d
                0x080004f4                __extendsfdf2
                0x08000530                __floatundidf
                0x08000530                __aeabi_ul2d
                0x08000540                __floatdidf
                0x08000540                __aeabi_l2d
 .text          0x0800059c      0x424 d:/programy/eclipse/plugins/fr.ac6.mcu.externaltools.arm-none.win32_1.7.0.201602121829/tools/compiler/bin/../lib/gcc/arm-none-eabi/5.2.1/armv7e-m/fpu\libgcc.a(_arm_muldivdf3.o)
                0x0800059c                __aeabi_dmul
                0x0800059c                __muldf3
                0x080007f0                __divdf3
                0x080007f0                __aeabi_ddiv
 .text          0x080009c0       0x40 d:/programy/eclipse/plugins/fr.ac6.mcu.externaltools.arm-none.win32_1.7.0.201602121829/tools/compiler/bin/../lib/gcc/arm-none-eabi/5.2.1/armv7e-m/fpu\libgcc.a(_arm_fixunsdfsi.o)
                0x080009c0                __aeabi_d2uiz
                0x080009c0                __fixunsdfsi
 *(.text*)
 .text.NVIC_Init
                0x08000a00       0xc4 StdPeriph_Driver\src\misc.o
                0x08000a00                NVIC_Init
 .text.ADC_Init
                0x08000ac4       0xac StdPeriph_Driver\src\stm32f4xx_adc.o
                0x08000ac4                ADC_Init
 .text.ADC_StructInit
                0x08000b70       0x40 StdPeriph_Driver\src\stm32f4xx_adc.o
                0x08000b70                ADC_StructInit
 .text.ADC_CommonInit
                0x08000bb0       0x50 StdPeriph_Driver\src\stm32f4xx_adc.o
                0x08000bb0                ADC_CommonInit
 .text.ADC_CommonStructInit
                0x08000c00       0x2c StdPeriph_Driver\src\stm32f4xx_adc.o
                0x08000c00                ADC_CommonStructInit
 .text.ADC_Cmd  0x08000c2c       0x38 StdPeriph_Driver\src\stm32f4xx_adc.o
                0x08000c2c                ADC_Cmd
 .text.ADC_RegularChannelConfig
                0x08000c64      0x194 StdPeriph_Driver\src\stm32f4xx_adc.o
                0x08000c64                ADC_RegularChannelConfig
 .text.ADC_SoftwareStartConv
                0x08000df8       0x20 StdPeriph_Driver\src\stm32f4xx_adc.o
                0x08000df8                ADC_SoftwareStartConv
 .text.ADC_GetConversionValue
                0x08000e18       0x1c StdPeriph_Driver\src\stm32f4xx_adc.o
                0x08000e18                ADC_GetConversionValue
 .text.EXTI_Init
                0x08000e34       0xe4 StdPeriph_Driver\src\stm32f4xx_exti.o
                0x08000e34                EXTI_Init
 .text.EXTI_GetITStatus
                0x08000f18       0x48 StdPeriph_Driver\src\stm32f4xx_exti.o
                0x08000f18                EXTI_GetITStatus
 .text.EXTI_ClearITPendingBit
                0x08000f60       0x20 StdPeriph_Driver\src\stm32f4xx_exti.o
                0x08000f60                EXTI_ClearITPendingBit
 .text.FSMC_NORSRAMInit
                0x08000f80      0x138 StdPeriph_Driver\src\stm32f4xx_fsmc.o
                0x08000f80                FSMC_NORSRAMInit
 .text.FSMC_NORSRAMCmd
                0x080010b8       0x54 StdPeriph_Driver\src\stm32f4xx_fsmc.o
                0x080010b8                FSMC_NORSRAMCmd
 .text.GPIO_Init
                0x0800110c      0x11c StdPeriph_Driver\src\stm32f4xx_gpio.o
                0x0800110c                GPIO_Init
 .text.GPIO_ReadInputDataBit
                0x08001228       0x34 StdPeriph_Driver\src\stm32f4xx_gpio.o
                0x08001228                GPIO_ReadInputDataBit
 .text.GPIO_SetBits
                0x0800125c       0x20 StdPeriph_Driver\src\stm32f4xx_gpio.o
                0x0800125c                GPIO_SetBits
 .text.GPIO_ResetBits
                0x0800127c       0x20 StdPeriph_Driver\src\stm32f4xx_gpio.o
                0x0800127c                GPIO_ResetBits
 .text.GPIO_PinAFConfig
                0x0800129c       0x94 StdPeriph_Driver\src\stm32f4xx_gpio.o
                0x0800129c                GPIO_PinAFConfig
 .text.RCC_GetClocksFreq
                0x08001330      0x154 StdPeriph_Driver\src\stm32f4xx_rcc.o
                0x08001330                RCC_GetClocksFreq
 .text.RCC_AHB1PeriphClockCmd
                0x08001484       0x40 StdPeriph_Driver\src\stm32f4xx_rcc.o
                0x08001484                RCC_AHB1PeriphClockCmd
 .text.RCC_AHB3PeriphClockCmd
                0x080014c4       0x40 StdPeriph_Driver\src\stm32f4xx_rcc.o
                0x080014c4                RCC_AHB3PeriphClockCmd
 .text.RCC_APB1PeriphClockCmd
                0x08001504       0x40 StdPeriph_Driver\src\stm32f4xx_rcc.o
                0x08001504                RCC_APB1PeriphClockCmd
 .text.RCC_APB2PeriphClockCmd
                0x08001544       0x40 StdPeriph_Driver\src\stm32f4xx_rcc.o
                0x08001544                RCC_APB2PeriphClockCmd
 .text.SPI_Init
                0x08001584       0x88 StdPeriph_Driver\src\stm32f4xx_spi.o
                0x08001584                SPI_Init
 .text.SPI_Cmd  0x0800160c       0x40 StdPeriph_Driver\src\stm32f4xx_spi.o
                0x0800160c                SPI_Cmd
 .text.SPI_I2S_ReceiveData
                0x0800164c       0x1c StdPeriph_Driver\src\stm32f4xx_spi.o
                0x0800164c                SPI_I2S_ReceiveData
 .text.SPI_I2S_SendData
                0x08001668       0x20 StdPeriph_Driver\src\stm32f4xx_spi.o
                0x08001668                SPI_I2S_SendData
 .text.SPI_I2S_GetFlagStatus
                0x08001688       0x38 StdPeriph_Driver\src\stm32f4xx_spi.o
                0x08001688                SPI_I2S_GetFlagStatus
 .text.SYSCFG_EXTILineConfig
                0x080016c0       0x84 StdPeriph_Driver\src\stm32f4xx_syscfg.o
                0x080016c0                SYSCFG_EXTILineConfig
 .text.TIM_TimeBaseInit
                0x08001744       0xd8 StdPeriph_Driver\src\stm32f4xx_tim.o
                0x08001744                TIM_TimeBaseInit
 .text.TIM_ARRPreloadConfig
                0x0800181c       0x40 StdPeriph_Driver\src\stm32f4xx_tim.o
                0x0800181c                TIM_ARRPreloadConfig
 .text.TIM_Cmd  0x0800185c       0x40 StdPeriph_Driver\src\stm32f4xx_tim.o
                0x0800185c                TIM_Cmd
 .text.TIM_OC1Init
                0x0800189c       0xf4 StdPeriph_Driver\src\stm32f4xx_tim.o
                0x0800189c                TIM_OC1Init
 .text.TIM_OC2Init
                0x08001990      0x110 StdPeriph_Driver\src\stm32f4xx_tim.o
                0x08001990                TIM_OC2Init
 .text.TIM_OC3Init
                0x08001aa0      0x10c StdPeriph_Driver\src\stm32f4xx_tim.o
                0x08001aa0                TIM_OC3Init
 .text.TIM_OC4Init
                0x08001bac       0xd0 StdPeriph_Driver\src\stm32f4xx_tim.o
                0x08001bac                TIM_OC4Init
 .text.TIM_OC1PreloadConfig
                0x08001c7c       0x38 StdPeriph_Driver\src\stm32f4xx_tim.o
                0x08001c7c                TIM_OC1PreloadConfig
 .text.TIM_OC2PreloadConfig
                0x08001cb4       0x3c StdPeriph_Driver\src\stm32f4xx_tim.o
                0x08001cb4                TIM_OC2PreloadConfig
 .text.TIM_OC3PreloadConfig
                0x08001cf0       0x38 StdPeriph_Driver\src\stm32f4xx_tim.o
                0x08001cf0                TIM_OC3PreloadConfig
 .text.TIM_OC4PreloadConfig
                0x08001d28       0x3c StdPeriph_Driver\src\stm32f4xx_tim.o
                0x08001d28                TIM_OC4PreloadConfig
 .text.USART_Init
                0x08001d64      0x178 StdPeriph_Driver\src\stm32f4xx_usart.o
                0x08001d64                USART_Init
 .text.USART_StructInit
                0x08001edc       0x3c StdPeriph_Driver\src\stm32f4xx_usart.o
                0x08001edc                USART_StructInit
 .text.USART_Cmd
                0x08001f18       0x40 StdPeriph_Driver\src\stm32f4xx_usart.o
                0x08001f18                USART_Cmd
 .text.USART_GetFlagStatus
                0x08001f58       0x38 StdPeriph_Driver\src\stm32f4xx_usart.o
                0x08001f58                USART_GetFlagStatus
 .text.OW_DIR_IN
                0x08001f90       0x30 src\DS1B20.o
 .text.OW_DIR_OUT
                0x08001fc0       0x30 src\DS1B20.o
 .text.ow_reset
                0x08001ff0       0x30 src\DS1B20.o
 .text.ow_bit_write
                0x08002020       0x64 src\DS1B20.o
 .text.ow_bit_read
                0x08002084       0x4c src\DS1B20.o
 .text.ow_byte_wr
                0x080020d0       0x3c src\DS1B20.o
 .text.ow_byte_rd
                0x0800210c       0x3c src\DS1B20.o
 .text.DS18B20_init
                0x08002148       0xb8 src\DS1B20.o
                0x08002148                DS18B20_init
 .text.DS18B20_onetemp
                0x08002200      0x19c src\DS1B20.o
                0x08002200                DS18B20_onetemp
 .text.LCD_Clear_Screen
                0x0800239c       0x3c src\LCD_STM32F4.o
                0x0800239c                LCD_Clear_Screen
 .text.LCD_Set_Cursor
                0x080023d8       0x2c src\LCD_STM32F4.o
                0x080023d8                LCD_Set_Cursor
 .text.LCD_Draw_Pixel
                0x08002404       0x34 src\LCD_STM32F4.o
                0x08002404                LCD_Draw_Pixel
 .text.LCD_Draw_Line
                0x08002438      0x134 src\LCD_STM32F4.o
                0x08002438                LCD_Draw_Line
 .text.LCD_Draw_Full_Rect
                0x0800256c       0x6c src\LCD_STM32F4.o
                0x0800256c                LCD_Draw_Full_Rect
 .text.LCD_Draw_Circle
                0x080025d8      0x1ac src\LCD_STM32F4.o
                0x080025d8                LCD_Draw_Circle
 .text.LCD_Draw_Char
                0x08002784       0xe8 src\LCD_STM32F4.o
                0x08002784                LCD_Draw_Char
 .text.LCD_Display_Char
                0x0800286c       0x50 src\LCD_STM32F4.o
                0x0800286c                LCD_Display_Char
 .text.LCD_Display_String
                0x080028bc       0x74 src\LCD_STM32F4.o
                0x080028bc                LCD_Display_String
 .text.LCD_Set_Font
                0x08002930       0x20 src\LCD_STM32F4.o
                0x08002930                LCD_Set_Font
 .text.LCD_Init
                0x08002950       0x80 src\LCD_STM32F4.o
                0x08002950                LCD_Init
 .text.LCD_Write_Command
                0x080029d0       0x2c src\LCD_STM32F4.o
                0x080029d0                LCD_Write_Command
 .text.LCD_Write_GDDRAM_Prepare
                0x080029fc       0x18 src\LCD_STM32F4.o
                0x080029fc                LCD_Write_GDDRAM_Prepare
 .text.LCD_Write_Data
                0x08002a14       0x20 src\LCD_STM32F4.o
                0x08002a14                LCD_Write_Data
 .text.LCD_Draw_ProgressBar
                0x08002a34       0xf4 src\LCD_STM32F4.o
                0x08002a34                LCD_Draw_ProgressBar
 .text.Init_GPIO
                0x08002b28      0x14c src\LCD_STM32F4.o
                0x08002b28                Init_GPIO
 .text.Init_FSMC
                0x08002c74       0x98 src\LCD_STM32F4.o
                0x08002c74                Init_FSMC
 .text.main     0x08002d0c      0x2c4 src\main.o
                0x08002d0c                main
 .text.peltier_init
                0x08002fd0       0x38 src\main.o
                0x08002fd0                peltier_init
 .text.heat_up  0x08003008       0x1c src\main.o
                0x08003008                heat_up
 .text.cool_down
                0x08003024       0x1c src\main.o
                0x08003024                cool_down
 .text.heater_fan
                0x08003040       0x20 src\main.o
                0x08003040                heater_fan
 .text.cooler_fan
                0x08003060       0x20 src\main.o
                0x08003060                cooler_fan
 .text.EXTI15_10_IRQHandler
                0x08003080       0xc8 src\main.o
                0x08003080                EXTI15_10_IRQHandler
 .text.Menu_create
                0x08003148      0x1d8 src\menu.o
                0x08003148                Menu_create
 .text.Menu_FanSpeed
                0x08003320       0x2c src\menu.o
                0x08003320                Menu_FanSpeed
 .text.MENU_TempIn
                0x0800334c       0x58 src\menu.o
                0x0800334c                MENU_TempIn
 .text.Menu_TempOut
                0x080033a4       0x58 src\menu.o
                0x080033a4                Menu_TempOut
 .text.Menu_Desiredtemp
                0x080033fc       0x54 src\menu.o
                0x080033fc                Menu_Desiredtemp
 .text.Menu_FanControl
                0x08003450       0x58 src\menu.o
                0x08003450                Menu_FanControl
 .text.Menu_PlusPressed
                0x080034a8       0x5c src\menu.o
                0x080034a8                Menu_PlusPressed
 .text.Menu_MinusPressed
                0x08003504       0x5c src\menu.o
                0x08003504                Menu_MinusPressed
 .text.Menu_AutoPressed
                0x08003560       0x5c src\menu.o
                0x08003560                Menu_AutoPressed
 .text.NMI_Handler
                0x080035bc       0x10 src\stm32f4xx_it.o
                0x080035bc                NMI_Handler
 .text.HardFault_Handler
                0x080035cc        0x8 src\stm32f4xx_it.o
                0x080035cc                HardFault_Handler
 .text.MemManage_Handler
                0x080035d4        0x8 src\stm32f4xx_it.o
                0x080035d4                MemManage_Handler
 .text.BusFault_Handler
                0x080035dc        0x8 src\stm32f4xx_it.o
                0x080035dc                BusFault_Handler
 .text.UsageFault_Handler
                0x080035e4        0x8 src\stm32f4xx_it.o
                0x080035e4                UsageFault_Handler
 .text.SVC_Handler
                0x080035ec       0x10 src\stm32f4xx_it.o
                0x080035ec                SVC_Handler
 .text.DebugMon_Handler
                0x080035fc       0x10 src\stm32f4xx_it.o
                0x080035fc                DebugMon_Handler
 .text.PendSV_Handler
                0x0800360c       0x10 src\stm32f4xx_it.o
                0x0800360c                PendSV_Handler
 .text.SysTick_Handler
                0x0800361c       0x38 src\stm32f4xx_it.o
                0x0800361c                SysTick_Handler
 .text.SystemInit
                0x08003654       0x5c src\system_stm32f4xx.o
                0x08003654                SystemInit
 .text.SetSysClock
                0x080036b0       0xf8 src\system_stm32f4xx.o
 .text.SPI_RW_Byte
                0x080037a8       0x54 src\ts.o
                0x080037a8                SPI_RW_Byte
 .text.SPI_Delay
                0x080037fc       0x28 src\ts.o
                0x080037fc                SPI_Delay
 .text.TPReadY  0x08003824       0x6c src\ts.o
                0x08003824                TPReadY
 .text.TPReadX  0x08003890       0x6c src\ts.o
                0x08003890                TPReadX
 .text.read_once
                0x080038fc       0x28 src\ts.o
                0x080038fc                read_once
 .text.touch_init
                0x08003924      0x178 src\ts.o
                0x08003924                touch_init
 *fill*         0x08003a9c        0x4 
 .text.Read_Ads7846
                0x08003aa0      0x298 src\ts.o
                0x08003aa0                Read_Ads7846
 .text.NVIC_SetPriority
                0x08003d38       0x54 src\utilities.o
 .text.SysTick_Config
                0x08003d8c       0x44 src\utilities.o
 .text.PWM_TIM4_init
                0x08003dd0      0x20c src\utilities.o
                0x08003dd0                PWM_TIM4_init
 .text.ADC_init
                0x08003fdc       0xb8 src\utilities.o
                0x08003fdc                ADC_init
 .text.ADC_Read
                0x08004094       0x1c src\utilities.o
                0x08004094                ADC_Read
 .text.Init_SysTick
                0x080040b0       0x2c src\utilities.o
                0x080040b0                Init_SysTick
 .text.Delay_ms
                0x080040dc       0x24 src\utilities.o
                0x080040dc                Delay_ms
 .text.Delay_us
                0x08004100       0x28 src\utilities.o
                0x08004100                Delay_us
 .text.TimingDelay_Decrement
                0x08004128       0x24 src\utilities.o
                0x08004128                TimingDelay_Decrement
 .text.UART_init
                0x0800414c       0xa8 src\utilities.o
                0x0800414c                UART_init
 .text.UART_Send
                0x080041f4       0x30 src\utilities.o
                0x080041f4                UART_Send
 .text.UART_Puts
                0x08004224       0x28 src\utilities.o
                0x08004224                UART_Puts
 .text.Reset_Handler
                0x0800424c       0x48 startup\startup_stm32f4xx.o
                0x0800424c                Reset_Handler
 .text.Default_Handler
                0x08004294        0x2 startup\startup_stm32f4xx.o
                0x08004294                RTC_Alarm_IRQHandler
                0x08004294                HASH_RNG_IRQHandler
                0x08004294                EXTI2_IRQHandler
                0x08004294                TIM8_CC_IRQHandler
                0x08004294                TIM1_CC_IRQHandler
                0x08004294                DMA2_Stream5_IRQHandler
                0x08004294                DMA1_Stream5_IRQHandler
                0x08004294                PVD_IRQHandler
                0x08004294                SDIO_IRQHandler
                0x08004294                TAMP_STAMP_IRQHandler
                0x08004294                CAN2_RX1_IRQHandler
                0x08004294                EXTI3_IRQHandler
                0x08004294                TIM8_TRG_COM_TIM14_IRQHandler
                0x08004294                TIM1_UP_TIM10_IRQHandler
                0x08004294                TIM8_UP_TIM13_IRQHandler
                0x08004294                I2C3_ER_IRQHandler
                0x08004294                EXTI0_IRQHandler
                0x08004294                I2C2_EV_IRQHandler
                0x08004294                DMA1_Stream2_IRQHandler
                0x08004294                CAN1_RX0_IRQHandler
                0x08004294                FPU_IRQHandler
                0x08004294                OTG_HS_WKUP_IRQHandler
                0x08004294                CAN2_SCE_IRQHandler
                0x08004294                DMA2_Stream2_IRQHandler
                0x08004294                SPI1_IRQHandler
                0x08004294                TIM6_DAC_IRQHandler
                0x08004294                TIM1_BRK_TIM9_IRQHandler
                0x08004294                DCMI_IRQHandler
                0x08004294                CAN2_RX0_IRQHandler
                0x08004294                DMA2_Stream3_IRQHandler
                0x08004294                USART6_IRQHandler
                0x08004294                USART3_IRQHandler
                0x08004294                CRYP_IRQHandler
                0x08004294                CAN1_RX1_IRQHandler
                0x08004294                UART5_IRQHandler
                0x08004294                DMA2_Stream0_IRQHandler
                0x08004294                TIM4_IRQHandler
                0x08004294                I2C1_EV_IRQHandler
                0x08004294                DMA1_Stream6_IRQHandler
                0x08004294                DMA1_Stream1_IRQHandler
                0x08004294                UART4_IRQHandler
                0x08004294                TIM3_IRQHandler
                0x08004294                RCC_IRQHandler
                0x08004294                TIM8_BRK_TIM12_IRQHandler
                0x08004294                Default_Handler
                0x08004294                ADC_IRQHandler
                0x08004294                DMA1_Stream7_IRQHandler
                0x08004294                TIM7_IRQHandler
                0x08004294                CAN2_TX_IRQHandler
                0x08004294                TIM5_IRQHandler
                0x08004294                DMA2_Stream7_IRQHandler
                0x08004294                I2C3_EV_IRQHandler
                0x08004294                EXTI9_5_IRQHandler
                0x08004294                RTC_WKUP_IRQHandler
                0x08004294                ETH_WKUP_IRQHandler
                0x08004294                SPI2_IRQHandler
                0x08004294                OTG_HS_EP1_IN_IRQHandler
                0x08004294                DMA1_Stream0_IRQHandler
                0x08004294                CAN1_TX_IRQHandler
                0x08004294                EXTI4_IRQHandler
                0x08004294                FSMC_IRQHandler
                0x08004294                ETH_IRQHandler
                0x08004294                OTG_HS_EP1_OUT_IRQHandler
                0x08004294                WWDG_IRQHandler
                0x08004294                TIM2_IRQHandler
                0x08004294                OTG_FS_WKUP_IRQHandler
                0x08004294                TIM1_TRG_COM_TIM11_IRQHandler
                0x08004294                OTG_HS_IRQHandler
                0x08004294                EXTI1_IRQHandler
                0x08004294                USART2_IRQHandler
                0x08004294                I2C2_ER_IRQHandler
                0x08004294                DMA2_Stream1_IRQHandler
                0x08004294                CAN1_SCE_IRQHandler
                0x08004294                FLASH_IRQHandler
                0x08004294                DMA2_Stream4_IRQHandler
                0x08004294                USART1_IRQHandler
                0x08004294                OTG_FS_IRQHandler
                0x08004294                SPI3_IRQHandler
                0x08004294                DMA1_Stream4_IRQHandler
                0x08004294                I2C1_ER_IRQHandler
                0x08004294                DMA2_Stream6_IRQHandler
                0x08004294                DMA1_Stream3_IRQHandler
 *fill*         0x08004296        0x2 
 .text.__libc_init_array
                0x08004298       0x50 d:/programy/eclipse/plugins/fr.ac6.mcu.externaltools.arm-none.win32_1.7.0.201602121829/tools/compiler/bin/../lib/gcc/arm-none-eabi/5.2.1/../../../../arm-none-eabi/lib/armv7e-m/fpu\libc.a(lib_a-init.o)
                0x08004298                __libc_init_array
 .text.__itoa   0x080042e8       0x30 d:/programy/eclipse/plugins/fr.ac6.mcu.externaltools.arm-none.win32_1.7.0.201602121829/tools/compiler/bin/../lib/gcc/arm-none-eabi/5.2.1/../../../../arm-none-eabi/lib/armv7e-m/fpu\libc.a(lib_a-itoa.o)
                0x080042e8                __itoa
 .text.itoa     0x08004318        0x4 d:/programy/eclipse/plugins/fr.ac6.mcu.externaltools.arm-none.win32_1.7.0.201602121829/tools/compiler/bin/../lib/gcc/arm-none-eabi/5.2.1/../../../../arm-none-eabi/lib/armv7e-m/fpu\libc.a(lib_a-itoa.o)
                0x08004318                itoa
 .text.memset   0x0800431c       0x9c d:/programy/eclipse/plugins/fr.ac6.mcu.externaltools.arm-none.win32_1.7.0.201602121829/tools/compiler/bin/../lib/gcc/arm-none-eabi/5.2.1/../../../../arm-none-eabi/lib/armv7e-m/fpu\libc.a(lib_a-memset.o)
                0x0800431c                memset
 .text.__utoa   0x080043b8       0x80 d:/programy/eclipse/plugins/fr.ac6.mcu.externaltools.arm-none.win32_1.7.0.201602121829/tools/compiler/bin/../lib/gcc/arm-none-eabi/5.2.1/../../../../arm-none-eabi/lib/armv7e-m/fpu\libc.a(lib_a-utoa.o)
                0x080043b8                __utoa
 .text.startup.register_fini
                0x08004438       0x14 d:/programy/eclipse/plugins/fr.ac6.mcu.externaltools.arm-none.win32_1.7.0.201602121829/tools/compiler/bin/../lib/gcc/arm-none-eabi/5.2.1/../../../../arm-none-eabi/lib/armv7e-m/fpu\libc.a(lib_a-__call_atexit.o)
 .text.atexit   0x0800444c        0xc d:/programy/eclipse/plugins/fr.ac6.mcu.externaltools.arm-none.win32_1.7.0.201602121829/tools/compiler/bin/../lib/gcc/arm-none-eabi/5.2.1/../../../../arm-none-eabi/lib/armv7e-m/fpu\libc.a(lib_a-atexit.o)
                0x0800444c                atexit
 .text.__libc_fini_array
                0x08004458       0x28 d:/programy/eclipse/plugins/fr.ac6.mcu.externaltools.arm-none.win32_1.7.0.201602121829/tools/compiler/bin/../lib/gcc/arm-none-eabi/5.2.1/../../../../arm-none-eabi/lib/armv7e-m/fpu\libc.a(lib_a-fini.o)
                0x08004458                __libc_fini_array
 .text.__register_exitproc
                0x08004480       0xa4 d:/programy/eclipse/plugins/fr.ac6.mcu.externaltools.arm-none.win32_1.7.0.201602121829/tools/compiler/bin/../lib/gcc/arm-none-eabi/5.2.1/../../../../arm-none-eabi/lib/armv7e-m/fpu\libc.a(lib_a-__atexit.o)
                0x08004480                __register_exitproc
 *(.rodata)
 .rodata        0x08004524     0x29d0 src\fonts.o
                0x08004524                ASCII16x24_Table
                0x080056f4                ASCII12x12_Table
                0x08005ff4                ASCII8x12_Table
                0x080068f4                ASCII8x8_Table
 .rodata        0x08006ef4       0x5f src\menu.o
 *(.rodata*)
 *fill*         0x08006f53        0x1 
 .rodata.str1.4
                0x08006f54        0x2 d:/programy/eclipse/plugins/fr.ac6.mcu.externaltools.arm-none.win32_1.7.0.201602121829/tools/compiler/bin/../lib/gcc/arm-none-eabi/5.2.1/../../../../arm-none-eabi/lib/armv7e-m/fpu\libc.a(lib_a-impure.o)
 *fill*         0x08006f56        0x2 
 .rodata._global_impure_ptr
                0x08006f58        0x4 d:/programy/eclipse/plugins/fr.ac6.mcu.externaltools.arm-none.win32_1.7.0.201602121829/tools/compiler/bin/../lib/gcc/arm-none-eabi/5.2.1/../../../../arm-none-eabi/lib/armv7e-m/fpu\libc.a(lib_a-impure.o)
                0x08006f58                _global_impure_ptr
 .rodata.str1.4
                0x08006f5c       0x28 d:/programy/eclipse/plugins/fr.ac6.mcu.externaltools.arm-none.win32_1.7.0.201602121829/tools/compiler/bin/../lib/gcc/arm-none-eabi/5.2.1/../../../../arm-none-eabi/lib/armv7e-m/fpu\libc.a(lib_a-utoa.o)
                                 0x25 (size before relaxing)
 *(.glue_7)
 .glue_7        0x08006f84        0x0 linker stubs
 *(.glue_7t)
 .glue_7t       0x08006f84        0x0 linker stubs
 *(.eh_frame)
 .eh_frame      0x08006f84        0x0 d:/programy/eclipse/plugins/fr.ac6.mcu.externaltools.arm-none.win32_1.7.0.201602121829/tools/compiler/bin/../lib/gcc/arm-none-eabi/5.2.1/armv7e-m/fpu/crtbegin.o
 *(.init)
 .init          0x08006f84        0x4 d:/programy/eclipse/plugins/fr.ac6.mcu.externaltools.arm-none.win32_1.7.0.201602121829/tools/compiler/bin/../lib/gcc/arm-none-eabi/5.2.1/armv7e-m/fpu/crti.o
                0x08006f84                _init
 .init          0x08006f88        0x8 d:/programy/eclipse/plugins/fr.ac6.mcu.externaltools.arm-none.win32_1.7.0.201602121829/tools/compiler/bin/../lib/gcc/arm-none-eabi/5.2.1/armv7e-m/fpu/crtn.o
 *(.fini)
 .fini          0x08006f90        0x4 d:/programy/eclipse/plugins/fr.ac6.mcu.externaltools.arm-none.win32_1.7.0.201602121829/tools/compiler/bin/../lib/gcc/arm-none-eabi/5.2.1/armv7e-m/fpu/crti.o
                0x08006f90                _fini
 .fini          0x08006f94        0x8 d:/programy/eclipse/plugins/fr.ac6.mcu.externaltools.arm-none.win32_1.7.0.201602121829/tools/compiler/bin/../lib/gcc/arm-none-eabi/5.2.1/armv7e-m/fpu/crtn.o
                0x08006f9c                . = ALIGN (0x4)
                0x08006f9c                _etext = .

.vfp11_veneer   0x08006f9c        0x0
 .vfp11_veneer  0x08006f9c        0x0 linker stubs

.v4_bx          0x08006f9c        0x0
 .v4_bx         0x08006f9c        0x0 linker stubs

.iplt           0x08006f9c        0x0
 .iplt          0x08006f9c        0x0 d:/programy/eclipse/plugins/fr.ac6.mcu.externaltools.arm-none.win32_1.7.0.201602121829/tools/compiler/bin/../lib/gcc/arm-none-eabi/5.2.1/armv7e-m/fpu/crtbegin.o

.rel.dyn        0x08006f9c        0x0
 .rel.iplt      0x08006f9c        0x0 d:/programy/eclipse/plugins/fr.ac6.mcu.externaltools.arm-none.win32_1.7.0.201602121829/tools/compiler/bin/../lib/gcc/arm-none-eabi/5.2.1/armv7e-m/fpu/crtbegin.o

.ARM.extab
 *(.ARM.extab* .gnu.linkonce.armextab.*)

.ARM            0x08006f9c        0x0
                0x08006f9c                __exidx_start = .
 *(.ARM.exidx*)
                0x08006f9c                __exidx_end = .

.preinit_array  0x08006f9c        0x0
                0x08006f9c                PROVIDE (__preinit_array_start, .)
 *(.preinit_array*)
                0x08006f9c                PROVIDE (__preinit_array_end, .)

.init_array     0x08006f9c        0x8
                0x08006f9c                PROVIDE (__init_array_start, .)
 *(SORT(.init_array.*))
 .init_array.00000
                0x08006f9c        0x4 d:/programy/eclipse/plugins/fr.ac6.mcu.externaltools.arm-none.win32_1.7.0.201602121829/tools/compiler/bin/../lib/gcc/arm-none-eabi/5.2.1/../../../../arm-none-eabi/lib/armv7e-m/fpu\libc.a(lib_a-__call_atexit.o)
 *(.init_array*)
 .init_array    0x08006fa0        0x4 d:/programy/eclipse/plugins/fr.ac6.mcu.externaltools.arm-none.win32_1.7.0.201602121829/tools/compiler/bin/../lib/gcc/arm-none-eabi/5.2.1/armv7e-m/fpu/crtbegin.o
                0x08006fa4                PROVIDE (__init_array_end, .)

.fini_array     0x08006fa4        0x4
                0x08006fa4                PROVIDE (__fini_array_start, .)
 *(.fini_array*)
 .fini_array    0x08006fa4        0x4 d:/programy/eclipse/plugins/fr.ac6.mcu.externaltools.arm-none.win32_1.7.0.201602121829/tools/compiler/bin/../lib/gcc/arm-none-eabi/5.2.1/armv7e-m/fpu/crtbegin.o
 *(SORT(.fini_array.*))
                0x08006fa8                PROVIDE (__fini_array_end, .)
                0x08006fa8                _sidata = .

.data           0x20000000      0x470 load address 0x08006fa8
                0x20000000                . = ALIGN (0x4)
                0x20000000                _sdata = .
 *(.data)
 .data          0x20000000       0x10 StdPeriph_Driver\src\stm32f4xx_rcc.o
 .data          0x20000010       0x20 src\fonts.o
                0x20000010                Font16x24
                0x20000018                Font12x12
                0x20000020                Font8x12
                0x20000028                Font8x8
 .data          0x20000030        0xd src\main.o
                0x20000030                CCR1_Val
                0x20000032                temp_d
                0x20000034                Kp
                0x20000036                Ki
                0x20000038                Kd
                0x2000003a                gain
                0x2000003c                ModeFlag
 *fill*         0x2000003d        0x3 
 .data          0x20000040        0x4 src\stm32f4xx_it.o
                0x20000040                Prescaler
 .data          0x20000044        0x2 src\utilities.o
                0x20000044                PrescalerValue
 *(.data*)
 *fill*         0x20000046        0x2 
 .data.impure_data
                0x20000048      0x428 d:/programy/eclipse/plugins/fr.ac6.mcu.externaltools.arm-none.win32_1.7.0.201602121829/tools/compiler/bin/../lib/gcc/arm-none-eabi/5.2.1/../../../../arm-none-eabi/lib/armv7e-m/fpu\libc.a(lib_a-impure.o)
                0x20000470                . = ALIGN (0x4)
                0x20000470                _edata = .

.jcr            0x20000470        0x0 load address 0x08007418
 .jcr           0x20000470        0x0 d:/programy/eclipse/plugins/fr.ac6.mcu.externaltools.arm-none.win32_1.7.0.201602121829/tools/compiler/bin/../lib/gcc/arm-none-eabi/5.2.1/armv7e-m/fpu/crtbegin.o

.tm_clone_table
                0x20000470        0x0 load address 0x08007418
 .tm_clone_table
                0x20000470        0x0 d:/programy/eclipse/plugins/fr.ac6.mcu.externaltools.arm-none.win32_1.7.0.201602121829/tools/compiler/bin/../lib/gcc/arm-none-eabi/5.2.1/armv7e-m/fpu/crtbegin.o
 .tm_clone_table
                0x20000470        0x0 d:/programy/eclipse/plugins/fr.ac6.mcu.externaltools.arm-none.win32_1.7.0.201602121829/tools/compiler/bin/../lib/gcc/arm-none-eabi/5.2.1/armv7e-m/fpu/crtend.o

.igot.plt       0x20000470        0x0 load address 0x08007418
 .igot.plt      0x20000470        0x0 d:/programy/eclipse/plugins/fr.ac6.mcu.externaltools.arm-none.win32_1.7.0.201602121829/tools/compiler/bin/../lib/gcc/arm-none-eabi/5.2.1/armv7e-m/fpu/crtbegin.o
                0x20000470                . = ALIGN (0x4)

.bss            0x20000470       0xcc load address 0x08007418
                0x20000470                _sbss = .
                0x20000470                __bss_start__ = _sbss
 *(.bss)
 .bss           0x20000470       0x1c d:/programy/eclipse/plugins/fr.ac6.mcu.externaltools.arm-none.win32_1.7.0.201602121829/tools/compiler/bin/../lib/gcc/arm-none-eabi/5.2.1/armv7e-m/fpu/crtbegin.o
 .bss           0x2000048c        0x8 src\LCD_STM32F4.o
 .bss           0x20000494       0x10 src\main.o
                0x20000498                P
                0x2000049a                I
                0x2000049c                D
                0x2000049e                pwm
                0x200004a0                e
                0x200004a2                e_old
 .bss           0x200004a4        0x6 src\stm32f4xx_it.o
                0x200004a8                Touched
                0x200004a9                refresh
 *fill*         0x200004aa        0x2 
 .bss           0x200004ac        0xa src\ts.o
                0x200004b0                flag
                0x200004b2                LastX
                0x200004b4                LastY
 *fill*         0x200004b6        0x2 
 .bss           0x200004b8        0x4 src\utilities.o
 *(.bss*)
 *(COMMON)
 COMMON         0x200004bc        0x4 Utilities\stm32f4_discovery.o
                0x200004bc                NVIC_InitStructure
 COMMON         0x200004c0       0x18 src\DS1B20.o
                0x200004c0                gpio_ds
                0x200004c8                buff
 COMMON         0x200004d8       0x2c src\main.o
                0x200004d8                menu
                0x200004e0                temp_i
                0x200004e2                bx
                0x200004e4                percent
                0x200004e6                temp_o
                0x200004e8                by
                0x200004ec                sensors
 COMMON         0x20000504       0x38 src\ts.o
                0x20000504                SPI_InitStructure
                0x20000518                Pen_Point
                0x20000534                EXTI_InitStructure
                0x2000053c                . = ALIGN (0x4)
                0x2000053c                _ebss = .
                0x2000053c                __bss_end__ = _ebss

._user_heap_stack
                0x2000053c      0x404 load address 0x080074e4
                0x20000540                . = ALIGN (0x8)
 *fill*         0x2000053c        0x4 
                0x20000540                PROVIDE (end, .)
                [!provide]                PROVIDE (_end, .)
                0x20000540                . = (. + _Min_Heap_Size)
                0x20000940                . = (. + _Min_Stack_Size)
 *fill*         0x20000540      0x400 
                0x20000940                . = ALIGN (0x8)

.memory_b1_text
 *(.mb1text)
 *(.mb1text*)
 *(.mb1rodata)
 *(.mb1rodata*)

/DISCARD/
 libc.a(*)
 libm.a(*)
 libgcc.a(*)

.ARM.attributes
                0x00000000       0x30
 *(.ARM.attributes)
 .ARM.attributes
                0x00000000       0x22 d:/programy/eclipse/plugins/fr.ac6.mcu.externaltools.arm-none.win32_1.7.0.201602121829/tools/compiler/bin/../lib/gcc/arm-none-eabi/5.2.1/armv7e-m/fpu/crti.o
 .ARM.attributes
                0x00000022       0x34 d:/programy/eclipse/plugins/fr.ac6.mcu.externaltools.arm-none.win32_1.7.0.201602121829/tools/compiler/bin/../lib/gcc/arm-none-eabi/5.2.1/armv7e-m/fpu/crtbegin.o
 .ARM.attributes
                0x00000056       0x39 StdPeriph_Driver\src\misc.o
 .ARM.attributes
                0x0000008f       0x39 StdPeriph_Driver\src\stm32f4xx_adc.o
 .ARM.attributes
                0x000000c8       0x39 StdPeriph_Driver\src\stm32f4xx_exti.o
 .ARM.attributes
                0x00000101       0x39 StdPeriph_Driver\src\stm32f4xx_fsmc.o
 .ARM.attributes
                0x0000013a       0x39 StdPeriph_Driver\src\stm32f4xx_gpio.o
 .ARM.attributes
                0x00000173       0x39 StdPeriph_Driver\src\stm32f4xx_rcc.o
 .ARM.attributes
                0x000001ac       0x39 StdPeriph_Driver\src\stm32f4xx_spi.o
 .ARM.attributes
                0x000001e5       0x39 StdPeriph_Driver\src\stm32f4xx_syscfg.o
 .ARM.attributes
                0x0000021e       0x39 StdPeriph_Driver\src\stm32f4xx_tim.o
 .ARM.attributes
                0x00000257       0x39 StdPeriph_Driver\src\stm32f4xx_usart.o
 .ARM.attributes
                0x00000290       0x39 Utilities\stm32f4_discovery.o
 .ARM.attributes
                0x000002c9       0x39 src\DS1B20.o
 .ARM.attributes
                0x00000302       0x39 src\LCD_STM32F4.o
 .ARM.attributes
                0x0000033b       0x39 src\fonts.o
 .ARM.attributes
                0x00000374       0x39 src\main.o
 .ARM.attributes
                0x000003ad       0x39 src\menu.o
 .ARM.attributes
                0x000003e6       0x39 src\stm32f4xx_it.o
 .ARM.attributes
                0x0000041f       0x39 src\system_stm32f4xx.o
 .ARM.attributes
                0x00000458       0x39 src\ts.o
 .ARM.attributes
                0x00000491       0x39 src\utilities.o
 .ARM.attributes
                0x000004ca       0x21 startup\startup_stm32f4xx.o
 .ARM.attributes
                0x000004eb       0x22 d:/programy/eclipse/plugins/fr.ac6.mcu.externaltools.arm-none.win32_1.7.0.201602121829/tools/compiler/bin/../lib/gcc/arm-none-eabi/5.2.1/armv7e-m/fpu\libgcc.a(_arm_addsubdf3.o)
 .ARM.attributes
                0x0000050d       0x22 d:/programy/eclipse/plugins/fr.ac6.mcu.externaltools.arm-none.win32_1.7.0.201602121829/tools/compiler/bin/../lib/gcc/arm-none-eabi/5.2.1/armv7e-m/fpu\libgcc.a(_arm_muldivdf3.o)
 .ARM.attributes
                0x0000052f       0x22 d:/programy/eclipse/plugins/fr.ac6.mcu.externaltools.arm-none.win32_1.7.0.201602121829/tools/compiler/bin/../lib/gcc/arm-none-eabi/5.2.1/armv7e-m/fpu\libgcc.a(_arm_fixunsdfsi.o)
 .ARM.attributes
                0x00000551       0x34 d:/programy/eclipse/plugins/fr.ac6.mcu.externaltools.arm-none.win32_1.7.0.201602121829/tools/compiler/bin/../lib/gcc/arm-none-eabi/5.2.1/../../../../arm-none-eabi/lib/armv7e-m/fpu\libc.a(lib_a-impure.o)
 .ARM.attributes
                0x00000585       0x34 d:/programy/eclipse/plugins/fr.ac6.mcu.externaltools.arm-none.win32_1.7.0.201602121829/tools/compiler/bin/../lib/gcc/arm-none-eabi/5.2.1/../../../../arm-none-eabi/lib/armv7e-m/fpu\libc.a(lib_a-init.o)
 .ARM.attributes
                0x000005b9       0x34 d:/programy/eclipse/plugins/fr.ac6.mcu.externaltools.arm-none.win32_1.7.0.201602121829/tools/compiler/bin/../lib/gcc/arm-none-eabi/5.2.1/../../../../arm-none-eabi/lib/armv7e-m/fpu\libc.a(lib_a-itoa.o)
 .ARM.attributes
                0x000005ed       0x34 d:/programy/eclipse/plugins/fr.ac6.mcu.externaltools.arm-none.win32_1.7.0.201602121829/tools/compiler/bin/../lib/gcc/arm-none-eabi/5.2.1/../../../../arm-none-eabi/lib/armv7e-m/fpu\libc.a(lib_a-memset.o)
 .ARM.attributes
                0x00000621       0x34 d:/programy/eclipse/plugins/fr.ac6.mcu.externaltools.arm-none.win32_1.7.0.201602121829/tools/compiler/bin/../lib/gcc/arm-none-eabi/5.2.1/../../../../arm-none-eabi/lib/armv7e-m/fpu\libc.a(lib_a-utoa.o)
 .ARM.attributes
                0x00000655       0x34 d:/programy/eclipse/plugins/fr.ac6.mcu.externaltools.arm-none.win32_1.7.0.201602121829/tools/compiler/bin/../lib/gcc/arm-none-eabi/5.2.1/../../../../arm-none-eabi/lib/armv7e-m/fpu\libc.a(lib_a-__call_atexit.o)
 .ARM.attributes
                0x00000689       0x34 d:/programy/eclipse/plugins/fr.ac6.mcu.externaltools.arm-none.win32_1.7.0.201602121829/tools/compiler/bin/../lib/gcc/arm-none-eabi/5.2.1/../../../../arm-none-eabi/lib/armv7e-m/fpu\libc.a(lib_a-atexit.o)
 .ARM.attributes
                0x000006bd       0x34 d:/programy/eclipse/plugins/fr.ac6.mcu.externaltools.arm-none.win32_1.7.0.201602121829/tools/compiler/bin/../lib/gcc/arm-none-eabi/5.2.1/../../../../arm-none-eabi/lib/armv7e-m/fpu\libc.a(lib_a-fini.o)
 .ARM.attributes
                0x000006f1       0x34 d:/programy/eclipse/plugins/fr.ac6.mcu.externaltools.arm-none.win32_1.7.0.201602121829/tools/compiler/bin/../lib/gcc/arm-none-eabi/5.2.1/../../../../arm-none-eabi/lib/armv7e-m/fpu\libc.a(lib_a-__atexit.o)
 .ARM.attributes
                0x00000725       0x34 d:/programy/eclipse/plugins/fr.ac6.mcu.externaltools.arm-none.win32_1.7.0.201602121829/tools/compiler/bin/../lib/gcc/arm-none-eabi/5.2.1/armv7e-m/fpu/crtend.o
 .ARM.attributes
                0x00000759       0x22 d:/programy/eclipse/plugins/fr.ac6.mcu.externaltools.arm-none.win32_1.7.0.201602121829/tools/compiler/bin/../lib/gcc/arm-none-eabi/5.2.1/armv7e-m/fpu/crtn.o
OUTPUT(stm32_std_lcd.elf elf32-littlearm)

.debug_info     0x00000000     0xaf69
 .debug_info    0x00000000      0x549 StdPeriph_Driver\src\misc.o
 .debug_info    0x00000549      0xc48 StdPeriph_Driver\src\stm32f4xx_adc.o
 .debug_info    0x00001191      0x35f StdPeriph_Driver\src\stm32f4xx_exti.o
 .debug_info    0x000014f0      0x905 StdPeriph_Driver\src\stm32f4xx_fsmc.o
 .debug_info    0x00001df5      0x622 StdPeriph_Driver\src\stm32f4xx_gpio.o
 .debug_info    0x00002417      0xc61 StdPeriph_Driver\src\stm32f4xx_rcc.o
 .debug_info    0x00003078      0xb17 StdPeriph_Driver\src\stm32f4xx_spi.o
 .debug_info    0x00003b8f      0x27c StdPeriph_Driver\src\stm32f4xx_syscfg.o
 .debug_info    0x00003e0b     0x1c71 StdPeriph_Driver\src\stm32f4xx_tim.o
 .debug_info    0x00005a7c      0x9d2 StdPeriph_Driver\src\stm32f4xx_usart.o
 .debug_info    0x0000644e      0x8ab Utilities\stm32f4_discovery.o
 .debug_info    0x00006cf9      0x57f src\DS1B20.o
 .debug_info    0x00007278      0xaa2 src\LCD_STM32F4.o
 .debug_info    0x00007d1a      0x1a2 src\fonts.o
 .debug_info    0x00007ebc      0x7c0 src\main.o
 .debug_info    0x0000867c      0x3eb src\menu.o
 .debug_info    0x00008a67      0x1b6 src\stm32f4xx_it.o
 .debug_info    0x00008c1d      0x59e src\system_stm32f4xx.o
 .debug_info    0x000091bb      0xc7b src\ts.o
 .debug_info    0x00009e36     0x10b2 src\utilities.o
 .debug_info    0x0000aee8       0x81 startup\startup_stm32f4xx.o

.debug_abbrev   0x00000000     0x1e56
 .debug_abbrev  0x00000000      0x14c StdPeriph_Driver\src\misc.o
 .debug_abbrev  0x0000014c      0x19d StdPeriph_Driver\src\stm32f4xx_adc.o
 .debug_abbrev  0x000002e9      0x1ae StdPeriph_Driver\src\stm32f4xx_exti.o
 .debug_abbrev  0x00000497      0x177 StdPeriph_Driver\src\stm32f4xx_fsmc.o
 .debug_abbrev  0x0000060e      0x1ac StdPeriph_Driver\src\stm32f4xx_gpio.o
 .debug_abbrev  0x000007ba      0x1ea StdPeriph_Driver\src\stm32f4xx_rcc.o
 .debug_abbrev  0x000009a4      0x16e StdPeriph_Driver\src\stm32f4xx_spi.o
 .debug_abbrev  0x00000b12      0x138 StdPeriph_Driver\src\stm32f4xx_syscfg.o
 .debug_abbrev  0x00000c4a      0x18e StdPeriph_Driver\src\stm32f4xx_tim.o
 .debug_abbrev  0x00000dd8      0x15c StdPeriph_Driver\src\stm32f4xx_usart.o
 .debug_abbrev  0x00000f34      0x197 Utilities\stm32f4_discovery.o
 .debug_abbrev  0x000010cb      0x1dd src\DS1B20.o
 .debug_abbrev  0x000012a8      0x1fd src\LCD_STM32F4.o
 .debug_abbrev  0x000014a5       0x98 src\fonts.o
 .debug_abbrev  0x0000153d      0x1a0 src\main.o
 .debug_abbrev  0x000016dd      0x12a src\menu.o
 .debug_abbrev  0x00001807       0xa2 src\stm32f4xx_it.o
 .debug_abbrev  0x000018a9      0x13d src\system_stm32f4xx.o
 .debug_abbrev  0x000019e6      0x205 src\ts.o
 .debug_abbrev  0x00001beb      0x259 src\utilities.o
 .debug_abbrev  0x00001e44       0x12 startup\startup_stm32f4xx.o

.debug_aranges  0x00000000      0xd78
 .debug_aranges
                0x00000000       0x40 StdPeriph_Driver\src\misc.o
 .debug_aranges
                0x00000040      0x148 StdPeriph_Driver\src\stm32f4xx_adc.o
 .debug_aranges
                0x00000188       0x58 StdPeriph_Driver\src\stm32f4xx_exti.o
 .debug_aranges
                0x000001e0       0xb0 StdPeriph_Driver\src\stm32f4xx_fsmc.o
 .debug_aranges
                0x00000290       0x88 StdPeriph_Driver\src\stm32f4xx_gpio.o
 .debug_aranges
                0x00000318      0x178 StdPeriph_Driver\src\stm32f4xx_rcc.o
 .debug_aranges
                0x00000490       0xe0 StdPeriph_Driver\src\stm32f4xx_spi.o
 .debug_aranges
                0x00000570       0x48 StdPeriph_Driver\src\stm32f4xx_syscfg.o
 .debug_aranges
                0x000005b8      0x2f8 StdPeriph_Driver\src\stm32f4xx_tim.o
 .debug_aranges
                0x000008b0      0x100 StdPeriph_Driver\src\stm32f4xx_usart.o
 .debug_aranges
                0x000009b0       0x48 Utilities\stm32f4_discovery.o
 .debug_aranges
                0x000009f8       0x70 src\DS1B20.o
 .debug_aranges
                0x00000a68       0xb8 src\LCD_STM32F4.o
 .debug_aranges
                0x00000b20       0x18 src\fonts.o
 .debug_aranges
                0x00000b38       0x50 src\main.o
 .debug_aranges
                0x00000b88       0x60 src\menu.o
 .debug_aranges
                0x00000be8       0x60 src\stm32f4xx_it.o
 .debug_aranges
                0x00000c48       0x30 src\system_stm32f4xx.o
 .debug_aranges
                0x00000c78       0x58 src\ts.o
 .debug_aranges
                0x00000cd0       0x80 src\utilities.o
 .debug_aranges
                0x00000d50       0x28 startup\startup_stm32f4xx.o

.debug_ranges   0x00000000      0xc28
 .debug_ranges  0x00000000       0x30 StdPeriph_Driver\src\misc.o
 .debug_ranges  0x00000030      0x138 StdPeriph_Driver\src\stm32f4xx_adc.o
 .debug_ranges  0x00000168       0x48 StdPeriph_Driver\src\stm32f4xx_exti.o
 .debug_ranges  0x000001b0       0xa0 StdPeriph_Driver\src\stm32f4xx_fsmc.o
 .debug_ranges  0x00000250       0x78 StdPeriph_Driver\src\stm32f4xx_gpio.o
 .debug_ranges  0x000002c8      0x168 StdPeriph_Driver\src\stm32f4xx_rcc.o
 .debug_ranges  0x00000430       0xd0 StdPeriph_Driver\src\stm32f4xx_spi.o
 .debug_ranges  0x00000500       0x38 StdPeriph_Driver\src\stm32f4xx_syscfg.o
 .debug_ranges  0x00000538      0x2e8 StdPeriph_Driver\src\stm32f4xx_tim.o
 .debug_ranges  0x00000820       0xf0 StdPeriph_Driver\src\stm32f4xx_usart.o
 .debug_ranges  0x00000910       0x38 Utilities\stm32f4_discovery.o
 .debug_ranges  0x00000948       0x60 src\DS1B20.o
 .debug_ranges  0x000009a8       0xa8 src\LCD_STM32F4.o
 .debug_ranges  0x00000a50       0x40 src\main.o
 .debug_ranges  0x00000a90       0x50 src\menu.o
 .debug_ranges  0x00000ae0       0x50 src\stm32f4xx_it.o
 .debug_ranges  0x00000b30       0x20 src\system_stm32f4xx.o
 .debug_ranges  0x00000b50       0x48 src\ts.o
 .debug_ranges  0x00000b98       0x70 src\utilities.o
 .debug_ranges  0x00000c08       0x20 startup\startup_stm32f4xx.o

.debug_macro    0x00000000     0xf83a
 .debug_macro   0x00000000      0x114 StdPeriph_Driver\src\misc.o
 .debug_macro   0x00000114      0x8b0 StdPeriph_Driver\src\misc.o
 .debug_macro   0x000009c4       0x63 StdPeriph_Driver\src\misc.o
 .debug_macro   0x00000a27       0x35 StdPeriph_Driver\src\misc.o
 .debug_macro   0x00000a5c       0x22 StdPeriph_Driver\src\misc.o
 .debug_macro   0x00000a7e       0x44 StdPeriph_Driver\src\misc.o
 .debug_macro   0x00000ac2       0xfd StdPeriph_Driver\src\misc.o
 .debug_macro   0x00000bbf       0x22 StdPeriph_Driver\src\misc.o
 .debug_macro   0x00000be1      0x1df StdPeriph_Driver\src\misc.o
 .debug_macro   0x00000dc0       0x18 StdPeriph_Driver\src\misc.o
 .debug_macro   0x00000dd8       0x42 StdPeriph_Driver\src\misc.o
 .debug_macro   0x00000e1a      0x8cb StdPeriph_Driver\src\misc.o
 .debug_macro   0x000016e5     0x8057 StdPeriph_Driver\src\misc.o
 .debug_macro   0x0000973c       0xa6 StdPeriph_Driver\src\misc.o
 .debug_macro   0x000097e2      0x279 StdPeriph_Driver\src\misc.o
 .debug_macro   0x00009a5b      0x265 StdPeriph_Driver\src\misc.o
 .debug_macro   0x00009cc0      0x538 StdPeriph_Driver\src\misc.o
 .debug_macro   0x0000a1f8      0x36a StdPeriph_Driver\src\misc.o
 .debug_macro   0x0000a562       0xdf StdPeriph_Driver\src\misc.o
 .debug_macro   0x0000a641      0x73b StdPeriph_Driver\src\misc.o
 .debug_macro   0x0000ad7c       0x35 StdPeriph_Driver\src\misc.o
 .debug_macro   0x0000adb1       0x79 StdPeriph_Driver\src\misc.o
 .debug_macro   0x0000ae2a      0x19a StdPeriph_Driver\src\stm32f4xx_adc.o
 .debug_macro   0x0000afc4       0x7f StdPeriph_Driver\src\stm32f4xx_adc.o
 .debug_macro   0x0000b043      0x44e StdPeriph_Driver\src\stm32f4xx_adc.o
 .debug_macro   0x0000b491      0x114 StdPeriph_Driver\src\stm32f4xx_exti.o
 .debug_macro   0x0000b5a5      0x273 StdPeriph_Driver\src\stm32f4xx_exti.o
 .debug_macro   0x0000b818      0x13e StdPeriph_Driver\src\stm32f4xx_fsmc.o
 .debug_macro   0x0000b956      0x10e StdPeriph_Driver\src\stm32f4xx_gpio.o
 .debug_macro   0x0000ba64      0x25f StdPeriph_Driver\src\stm32f4xx_gpio.o
 .debug_macro   0x0000bcc3      0x1b6 StdPeriph_Driver\src\stm32f4xx_rcc.o
 .debug_macro   0x0000be79      0x532 StdPeriph_Driver\src\stm32f4xx_rcc.o
 .debug_macro   0x0000c3ab      0x139 StdPeriph_Driver\src\stm32f4xx_spi.o
 .debug_macro   0x0000c4e4      0x364 StdPeriph_Driver\src\stm32f4xx_spi.o
 .debug_macro   0x0000c848      0x138 StdPeriph_Driver\src\stm32f4xx_syscfg.o
 .debug_macro   0x0000c980       0xd9 StdPeriph_Driver\src\stm32f4xx_syscfg.o
 .debug_macro   0x0000ca59      0x138 StdPeriph_Driver\src\stm32f4xx_tim.o
 .debug_macro   0x0000cb91      0x735 StdPeriph_Driver\src\stm32f4xx_tim.o
 .debug_macro   0x0000d2c6      0x12b StdPeriph_Driver\src\stm32f4xx_usart.o
 .debug_macro   0x0000d3f1      0x21a StdPeriph_Driver\src\stm32f4xx_usart.o
 .debug_macro   0x0000d60b      0x113 Utilities\stm32f4_discovery.o
 .debug_macro   0x0000d71e       0x82 Utilities\stm32f4_discovery.o
 .debug_macro   0x0000d7a0      0x1dc src\DS1B20.o
 .debug_macro   0x0000d97c       0x10 src\DS1B20.o
 .debug_macro   0x0000d98c       0x58 src\DS1B20.o
 .debug_macro   0x0000d9e4       0x35 src\DS1B20.o
 .debug_macro   0x0000da19       0x9c src\DS1B20.o
 .debug_macro   0x0000dab5       0x16 src\DS1B20.o
 .debug_macro   0x0000dacb      0x10e src\DS1B20.o
 .debug_macro   0x0000dbd9       0x8d src\DS1B20.o
 .debug_macro   0x0000dc66       0x52 src\DS1B20.o
 .debug_macro   0x0000dcb8       0x16 src\DS1B20.o
 .debug_macro   0x0000dcce       0x43 src\DS1B20.o
 .debug_macro   0x0000dd11      0x187 src\DS1B20.o
 .debug_macro   0x0000de98      0x329 src\DS1B20.o
 .debug_macro   0x0000e1c1       0x16 src\DS1B20.o
 .debug_macro   0x0000e1d7       0x29 src\DS1B20.o
 .debug_macro   0x0000e200      0x12f src\LCD_STM32F4.o
 .debug_macro   0x0000e32f       0x10 src\LCD_STM32F4.o
 .debug_macro   0x0000e33f       0x46 src\LCD_STM32F4.o
 .debug_macro   0x0000e385       0x64 src\fonts.o
 .debug_macro   0x0000e3e9      0x232 src\main.o
 .debug_macro   0x0000e61b       0x4a src\main.o
 .debug_macro   0x0000e665      0x1e1 src\main.o
 .debug_macro   0x0000e846       0xca src\main.o
 .debug_macro   0x0000e910       0x10 src\main.o
 .debug_macro   0x0000e920       0x10 src\main.o
 .debug_macro   0x0000e930      0x1d8 src\menu.o
 .debug_macro   0x0000eb08      0x174 src\menu.o
 .debug_macro   0x0000ec7c      0x127 src\stm32f4xx_it.o
 .debug_macro   0x0000eda3      0x127 src\system_stm32f4xx.o
 .debug_macro   0x0000eeca      0x1d3 src\ts.o
 .debug_macro   0x0000f09d      0x129 src\utilities.o
 .debug_macro   0x0000f1c6      0x454 src\utilities.o
 .debug_macro   0x0000f61a      0x220 src\utilities.o

.debug_line     0x00000000     0x8818
 .debug_line    0x00000000      0x52d StdPeriph_Driver\src\misc.o
 .debug_line    0x0000052d      0x856 StdPeriph_Driver\src\stm32f4xx_adc.o
 .debug_line    0x00000d83      0x586 StdPeriph_Driver\src\stm32f4xx_exti.o
 .debug_line    0x00001309      0x76d StdPeriph_Driver\src\stm32f4xx_fsmc.o
 .debug_line    0x00001a76      0x645 StdPeriph_Driver\src\stm32f4xx_gpio.o
 .debug_line    0x000020bb      0x88b StdPeriph_Driver\src\stm32f4xx_rcc.o
 .debug_line    0x00002946      0x73f StdPeriph_Driver\src\stm32f4xx_spi.o
 .debug_line    0x00003085      0x53e StdPeriph_Driver\src\stm32f4xx_syscfg.o
 .debug_line    0x000035c3      0xda7 StdPeriph_Driver\src\stm32f4xx_tim.o
 .debug_line    0x0000436a      0x79f StdPeriph_Driver\src\stm32f4xx_usart.o
 .debug_line    0x00004b09      0x558 Utilities\stm32f4_discovery.o
 .debug_line    0x00005061      0x71f src\DS1B20.o
 .debug_line    0x00005780      0x7e3 src\LCD_STM32F4.o
 .debug_line    0x00005f63      0x2d3 src\fonts.o
 .debug_line    0x00006236      0x699 src\main.o
 .debug_line    0x000068cf      0x687 src\menu.o
 .debug_line    0x00006f56      0x581 src\stm32f4xx_it.o
 .debug_line    0x000074d7      0x53e src\system_stm32f4xx.o
 .debug_line    0x00007a15      0x6b7 src\ts.o
 .debug_line    0x000080cc      0x6d1 src\utilities.o
 .debug_line    0x0000879d       0x7b startup\startup_stm32f4xx.o

.debug_str      0x00000000    0x4d8a2
 .debug_str     0x00000000    0x40fb5 StdPeriph_Driver\src\misc.o
                              0x41135 (size before relaxing)
 .debug_str     0x00040fb5     0x3ae0 StdPeriph_Driver\src\stm32f4xx_adc.o
                              0x449e5 (size before relaxing)
 .debug_str     0x00044a95      0x1ce StdPeriph_Driver\src\stm32f4xx_exti.o
                              0x410b8 (size before relaxing)
 .debug_str     0x00044c63      0x6ef StdPeriph_Driver\src\stm32f4xx_fsmc.o
                              0x415fc (size before relaxing)
 .debug_str     0x00045352      0x2ef StdPeriph_Driver\src\stm32f4xx_gpio.o
                              0x411e0 (size before relaxing)
 .debug_str     0x00045641      0xae5 StdPeriph_Driver\src\stm32f4xx_rcc.o
                              0x41a61 (size before relaxing)
 .debug_str     0x00046126      0x3bc StdPeriph_Driver\src\stm32f4xx_spi.o
                              0x414a1 (size before relaxing)
 .debug_str     0x000464e2      0x2a2 StdPeriph_Driver\src\stm32f4xx_syscfg.o
                              0x41191 (size before relaxing)
 .debug_str     0x00046784      0xc08 StdPeriph_Driver\src\stm32f4xx_tim.o
                              0x41bd4 (size before relaxing)
 .debug_str     0x0004738c     0x1917 StdPeriph_Driver\src\stm32f4xx_usart.o
                              0x428d4 (size before relaxing)
 .debug_str     0x00048ca3      0x913 Utilities\stm32f4_discovery.o
                              0x41ac5 (size before relaxing)
 .debug_str     0x000495b6     0x2b3c src\DS1B20.o
                              0x43c27 (size before relaxing)
 .debug_str     0x0004c0f2      0x370 src\LCD_STM32F4.o
                              0x415e7 (size before relaxing)
 .debug_str     0x0004c462       0x75 src\fonts.o
                               0x32b4 (size before relaxing)
 .debug_str     0x0004c4d7      0xf82 src\main.o
                              0x44d38 (size before relaxing)
 .debug_str     0x0004d459       0xe8 src\menu.o
                              0x43617 (size before relaxing)
 .debug_str     0x0004d541       0xc6 src\stm32f4xx_it.o
                              0x40fb8 (size before relaxing)
 .debug_str     0x0004d607       0xcf src\system_stm32f4xx.o
                              0x41113 (size before relaxing)
 .debug_str     0x0004d6d6       0x9d src\ts.o
                              0x43f5a (size before relaxing)
 .debug_str     0x0004d773      0x12f src\utilities.o
                              0x4612f (size before relaxing)

.comment        0x00000000       0x6e
 .comment       0x00000000       0x6e StdPeriph_Driver\src\misc.o
                                 0x6f (size before relaxing)
 .comment       0x0000006e       0x6f StdPeriph_Driver\src\stm32f4xx_adc.o
 .comment       0x0000006e       0x6f StdPeriph_Driver\src\stm32f4xx_exti.o
 .comment       0x0000006e       0x6f StdPeriph_Driver\src\stm32f4xx_fsmc.o
 .comment       0x0000006e       0x6f StdPeriph_Driver\src\stm32f4xx_gpio.o
 .comment       0x0000006e       0x6f StdPeriph_Driver\src\stm32f4xx_rcc.o
 .comment       0x0000006e       0x6f StdPeriph_Driver\src\stm32f4xx_spi.o
 .comment       0x0000006e       0x6f StdPeriph_Driver\src\stm32f4xx_syscfg.o
 .comment       0x0000006e       0x6f StdPeriph_Driver\src\stm32f4xx_tim.o
 .comment       0x0000006e       0x6f StdPeriph_Driver\src\stm32f4xx_usart.o
 .comment       0x0000006e       0x6f Utilities\stm32f4_discovery.o
 .comment       0x0000006e       0x6f src\DS1B20.o
 .comment       0x0000006e       0x6f src\LCD_STM32F4.o
 .comment       0x0000006e       0x6f src\fonts.o
 .comment       0x0000006e       0x6f src\main.o
 .comment       0x0000006e       0x6f src\menu.o
 .comment       0x0000006e       0x6f src\stm32f4xx_it.o
 .comment       0x0000006e       0x6f src\system_stm32f4xx.o
 .comment       0x0000006e       0x6f src\ts.o
 .comment       0x0000006e       0x6f src\utilities.o

.debug_frame    0x00000000     0x39ec
 .debug_frame   0x00000000       0xd8 StdPeriph_Driver\src\misc.o
 .debug_frame   0x000000d8      0x5ec StdPeriph_Driver\src\stm32f4xx_adc.o
 .debug_frame   0x000006c4      0x148 StdPeriph_Driver\src\stm32f4xx_exti.o
 .debug_frame   0x0000080c      0x300 StdPeriph_Driver\src\stm32f4xx_fsmc.o
 .debug_frame   0x00000b0c      0x23c StdPeriph_Driver\src\stm32f4xx_gpio.o
 .debug_frame   0x00000d48      0x6d4 StdPeriph_Driver\src\stm32f4xx_rcc.o
 .debug_frame   0x0000141c      0x3f4 StdPeriph_Driver\src\stm32f4xx_spi.o
 .debug_frame   0x00001810       0xf4 StdPeriph_Driver\src\stm32f4xx_syscfg.o
 .debug_frame   0x00001904      0xe54 StdPeriph_Driver\src\stm32f4xx_tim.o
 .debug_frame   0x00002758      0x490 StdPeriph_Driver\src\stm32f4xx_usart.o
 .debug_frame   0x00002be8       0xf4 Utilities\stm32f4_discovery.o
 .debug_frame   0x00002cdc      0x184 src\DS1B20.o
 .debug_frame   0x00002e60      0x300 src\LCD_STM32F4.o
 .debug_frame   0x00003160       0xe8 src\main.o
 .debug_frame   0x00003248      0x140 src\menu.o
 .debug_frame   0x00003388      0x10c src\stm32f4xx_it.o
 .debug_frame   0x00003494       0x7c src\system_stm32f4xx.o
 .debug_frame   0x00003510      0x134 src\ts.o
 .debug_frame   0x00003644      0x1e8 src\utilities.o
 .debug_frame   0x0000382c       0x2c d:/programy/eclipse/plugins/fr.ac6.mcu.externaltools.arm-none.win32_1.7.0.201602121829/tools/compiler/bin/../lib/gcc/arm-none-eabi/5.2.1/../../../../arm-none-eabi/lib/armv7e-m/fpu\libc.a(lib_a-init.o)
 .debug_frame   0x00003858       0x3c d:/programy/eclipse/plugins/fr.ac6.mcu.externaltools.arm-none.win32_1.7.0.201602121829/tools/compiler/bin/../lib/gcc/arm-none-eabi/5.2.1/../../../../arm-none-eabi/lib/armv7e-m/fpu\libc.a(lib_a-itoa.o)
 .debug_frame   0x00003894       0x34 d:/programy/eclipse/plugins/fr.ac6.mcu.externaltools.arm-none.win32_1.7.0.201602121829/tools/compiler/bin/../lib/gcc/arm-none-eabi/5.2.1/../../../../arm-none-eabi/lib/armv7e-m/fpu\libc.a(lib_a-memset.o)
 .debug_frame   0x000038c8       0x4c d:/programy/eclipse/plugins/fr.ac6.mcu.externaltools.arm-none.win32_1.7.0.201602121829/tools/compiler/bin/../lib/gcc/arm-none-eabi/5.2.1/../../../../arm-none-eabi/lib/armv7e-m/fpu\libc.a(lib_a-utoa.o)
 .debug_frame   0x00003914       0x50 d:/programy/eclipse/plugins/fr.ac6.mcu.externaltools.arm-none.win32_1.7.0.201602121829/tools/compiler/bin/../lib/gcc/arm-none-eabi/5.2.1/../../../../arm-none-eabi/lib/armv7e-m/fpu\libc.a(lib_a-__call_atexit.o)
 .debug_frame   0x00003964       0x20 d:/programy/eclipse/plugins/fr.ac6.mcu.externaltools.arm-none.win32_1.7.0.201602121829/tools/compiler/bin/../lib/gcc/arm-none-eabi/5.2.1/../../../../arm-none-eabi/lib/armv7e-m/fpu\libc.a(lib_a-atexit.o)
 .debug_frame   0x00003984       0x34 d:/programy/eclipse/plugins/fr.ac6.mcu.externaltools.arm-none.win32_1.7.0.201602121829/tools/compiler/bin/../lib/gcc/arm-none-eabi/5.2.1/../../../../arm-none-eabi/lib/armv7e-m/fpu\libc.a(lib_a-fini.o)
 .debug_frame   0x000039b8       0x34 d:/programy/eclipse/plugins/fr.ac6.mcu.externaltools.arm-none.win32_1.7.0.201602121829/tools/compiler/bin/../lib/gcc/arm-none-eabi/5.2.1/../../../../arm-none-eabi/lib/armv7e-m/fpu\libc.a(lib_a-__atexit.o)
