Archive member included to satisfy reference by file (symbol)

d:/programy/eclipse/plugins/fr.ac6.mcu.externaltools.arm-none.win32_1.7.0.201602121829/tools/compiler/bin/../lib/gcc/arm-none-eabi/5.2.1/armv7e-m/fpu\libgcc.a(_arm_addsubdf3.o)
                              src/ts.o (__aeabi_i2d)
d:/programy/eclipse/plugins/fr.ac6.mcu.externaltools.arm-none.win32_1.7.0.201602121829/tools/compiler/bin/../lib/gcc/arm-none-eabi/5.2.1/armv7e-m/fpu\libgcc.a(_arm_muldivdf3.o)
                              src/ts.o (__aeabi_dmul)
d:/programy/eclipse/plugins/fr.ac6.mcu.externaltools.arm-none.win32_1.7.0.201602121829/tools/compiler/bin/../lib/gcc/arm-none-eabi/5.2.1/armv7e-m/fpu\libgcc.a(_arm_fixdfsi.o)
                              src/ts.o (__aeabi_d2iz)
d:/programy/eclipse/plugins/fr.ac6.mcu.externaltools.arm-none.win32_1.7.0.201602121829/tools/compiler/bin/../lib/gcc/arm-none-eabi/5.2.1/armv7e-m/fpu\libgcc.a(_arm_fixunsdfsi.o)
                              src/ts.o (__aeabi_d2uiz)
d:/programy/eclipse/plugins/fr.ac6.mcu.externaltools.arm-none.win32_1.7.0.201602121829/tools/compiler/bin/../lib/gcc/arm-none-eabi/5.2.1/../../../../arm-none-eabi/lib/armv7e-m/fpu\libc.a(lib_a-errno.o)
                              src/syscalls.o (__errno)
d:/programy/eclipse/plugins/fr.ac6.mcu.externaltools.arm-none.win32_1.7.0.201602121829/tools/compiler/bin/../lib/gcc/arm-none-eabi/5.2.1/../../../../arm-none-eabi/lib/armv7e-m/fpu\libc.a(lib_a-exit.o)
                              d:/programy/eclipse/plugins/fr.ac6.mcu.externaltools.arm-none.win32_1.7.0.201602121829/tools/compiler/bin/../lib/gcc/arm-none-eabi/5.2.1/../../../../arm-none-eabi/lib/armv7e-m/fpu/crt0.o (exit)
d:/programy/eclipse/plugins/fr.ac6.mcu.externaltools.arm-none.win32_1.7.0.201602121829/tools/compiler/bin/../lib/gcc/arm-none-eabi/5.2.1/../../../../arm-none-eabi/lib/armv7e-m/fpu\libc.a(lib_a-impure.o)
                              d:/programy/eclipse/plugins/fr.ac6.mcu.externaltools.arm-none.win32_1.7.0.201602121829/tools/compiler/bin/../lib/gcc/arm-none-eabi/5.2.1/../../../../arm-none-eabi/lib/armv7e-m/fpu\libc.a(lib_a-exit.o) (_global_impure_ptr)
d:/programy/eclipse/plugins/fr.ac6.mcu.externaltools.arm-none.win32_1.7.0.201602121829/tools/compiler/bin/../lib/gcc/arm-none-eabi/5.2.1/../../../../arm-none-eabi/lib/armv7e-m/fpu\libc.a(lib_a-init.o)
                              d:/programy/eclipse/plugins/fr.ac6.mcu.externaltools.arm-none.win32_1.7.0.201602121829/tools/compiler/bin/../lib/gcc/arm-none-eabi/5.2.1/../../../../arm-none-eabi/lib/armv7e-m/fpu/crt0.o (__libc_init_array)
d:/programy/eclipse/plugins/fr.ac6.mcu.externaltools.arm-none.win32_1.7.0.201602121829/tools/compiler/bin/../lib/gcc/arm-none-eabi/5.2.1/../../../../arm-none-eabi/lib/armv7e-m/fpu\libc.a(lib_a-memset.o)
                              d:/programy/eclipse/plugins/fr.ac6.mcu.externaltools.arm-none.win32_1.7.0.201602121829/tools/compiler/bin/../lib/gcc/arm-none-eabi/5.2.1/../../../../arm-none-eabi/lib/armv7e-m/fpu/crt0.o (memset)
d:/programy/eclipse/plugins/fr.ac6.mcu.externaltools.arm-none.win32_1.7.0.201602121829/tools/compiler/bin/../lib/gcc/arm-none-eabi/5.2.1/../../../../arm-none-eabi/lib/armv7e-m/fpu\libc.a(lib_a-__call_atexit.o)
                              d:/programy/eclipse/plugins/fr.ac6.mcu.externaltools.arm-none.win32_1.7.0.201602121829/tools/compiler/bin/../lib/gcc/arm-none-eabi/5.2.1/../../../../arm-none-eabi/lib/armv7e-m/fpu\libc.a(lib_a-exit.o) (__call_exitprocs)
d:/programy/eclipse/plugins/fr.ac6.mcu.externaltools.arm-none.win32_1.7.0.201602121829/tools/compiler/bin/../lib/gcc/arm-none-eabi/5.2.1/../../../../arm-none-eabi/lib/armv7e-m/fpu\libc.a(lib_a-atexit.o)
                              d:/programy/eclipse/plugins/fr.ac6.mcu.externaltools.arm-none.win32_1.7.0.201602121829/tools/compiler/bin/../lib/gcc/arm-none-eabi/5.2.1/../../../../arm-none-eabi/lib/armv7e-m/fpu\libc.a(lib_a-__call_atexit.o) (atexit)
d:/programy/eclipse/plugins/fr.ac6.mcu.externaltools.arm-none.win32_1.7.0.201602121829/tools/compiler/bin/../lib/gcc/arm-none-eabi/5.2.1/../../../../arm-none-eabi/lib/armv7e-m/fpu\libc.a(lib_a-fini.o)
                              d:/programy/eclipse/plugins/fr.ac6.mcu.externaltools.arm-none.win32_1.7.0.201602121829/tools/compiler/bin/../lib/gcc/arm-none-eabi/5.2.1/../../../../arm-none-eabi/lib/armv7e-m/fpu\libc.a(lib_a-__call_atexit.o) (__libc_fini_array)
d:/programy/eclipse/plugins/fr.ac6.mcu.externaltools.arm-none.win32_1.7.0.201602121829/tools/compiler/bin/../lib/gcc/arm-none-eabi/5.2.1/../../../../arm-none-eabi/lib/armv7e-m/fpu\libc.a(lib_a-__atexit.o)
                              d:/programy/eclipse/plugins/fr.ac6.mcu.externaltools.arm-none.win32_1.7.0.201602121829/tools/compiler/bin/../lib/gcc/arm-none-eabi/5.2.1/../../../../arm-none-eabi/lib/armv7e-m/fpu\libc.a(lib_a-atexit.o) (__register_exitproc)

Allocating common symbols
Common symbol       size              file

TIM_TimeBaseStructure
                    0xc               src/main.o
TIM_OCInitStructure
[...]
Memory Configuration

Name             Origin             Length             Attributes
FLASH            0x08000000         0x00100000         xr
RAM              0x20000000         0x00030000         xrw
MEMORY_B1        0x60000000         0x00000000         xr
*default*        0x00000000         0xffffffff

Linker script and memory map

LOAD d:/programy/eclipse/plugins/fr.ac6.mcu.externaltools.arm-none.win32_1.7.0.201602121829/tools/compiler/bin/../lib/gcc/arm-none-eabi/5.2.1/armv7e-m/fpu/crti.o
LOAD d:/programy/eclipse/plugins/fr.ac6.mcu.externaltools.arm-none.win32_1.7.0.201602121829/tools/compiler/bin/../lib/gcc/arm-none-eabi/5.2.1/armv7e-m/fpu/crtbegin.o
LOAD d:/programy/eclipse/plugins/fr.ac6.mcu.externaltools.arm-none.win32_1.7.0.201602121829/tools/compiler/bin/../lib/gcc/arm-none-eabi/5.2.1/../../../../arm-none-eabi/lib/armv7e-m/fpu/crt0.o
LOAD d:/programy/eclipse/plugins/fr.ac6.mcu.externaltools.arm-none.win32_1.7.0.201602121829/tools/compiler/bin/../lib/gcc/arm-none-eabi/5.2.1/../../../../arm-none-eabi/lib/armv7e-m/fpu\libm.a
LOAD startup/startup_stm32f4xx.o
LOAD src/LCD_STM32F4.o
LOAD src/fonts.o
LOAD src/functions.o
LOAD src/main.o
LOAD src/pwm.o
LOAD src/stm32f4xx_it.o
LOAD src/syscalls.o
LOAD src/system_stm32f4xx.o
LOAD src/ts.o
LOAD Utilities/stm32f4_discovery.o
LOAD Utilities/stm32f4_discovery_lis302dl.o
LOAD StdPeriph_Driver/src/misc.o
LOAD StdPeriph_Driver/src/stm32f4xx_adc.o
LOAD StdPeriph_Driver/src/stm32f4xx_can.o
LOAD StdPeriph_Driver/src/stm32f4xx_crc.o
LOAD StdPeriph_Driver/src/stm32f4xx_cryp.o
LOAD StdPeriph_Driver/src/stm32f4xx_cryp_aes.o
LOAD StdPeriph_Driver/src/stm32f4xx_cryp_des.o
LOAD StdPeriph_Driver/src/stm32f4xx_cryp_tdes.o
LOAD StdPeriph_Driver/src/stm32f4xx_dac.o
LOAD StdPeriph_Driver/src/stm32f4xx_dbgmcu.o
LOAD StdPeriph_Driver/src/stm32f4xx_dcmi.o
LOAD StdPeriph_Driver/src/stm32f4xx_dma.o
LOAD StdPeriph_Driver/src/stm32f4xx_exti.o
LOAD StdPeriph_Driver/src/stm32f4xx_flash.o
LOAD StdPeriph_Driver/src/stm32f4xx_fsmc.o
LOAD StdPeriph_Driver/src/stm32f4xx_gpio.o
LOAD StdPeriph_Driver/src/stm32f4xx_hash.o
LOAD StdPeriph_Driver/src/stm32f4xx_hash_md5.o
LOAD StdPeriph_Driver/src/stm32f4xx_hash_sha1.o
LOAD StdPeriph_Driver/src/stm32f4xx_i2c.o
LOAD StdPeriph_Driver/src/stm32f4xx_iwdg.o
LOAD StdPeriph_Driver/src/stm32f4xx_pwr.o
LOAD StdPeriph_Driver/src/stm32f4xx_rcc.o
LOAD StdPeriph_Driver/src/stm32f4xx_rng.o
LOAD StdPeriph_Driver/src/stm32f4xx_rtc.o
LOAD StdPeriph_Driver/src/stm32f4xx_sdio.o
LOAD StdPeriph_Driver/src/stm32f4xx_spi.o
LOAD StdPeriph_Driver/src/stm32f4xx_syscfg.o
LOAD StdPeriph_Driver/src/stm32f4xx_tim.o
LOAD StdPeriph_Driver/src/stm32f4xx_usart.o
LOAD StdPeriph_Driver/src/stm32f4xx_wwdg.o
START GROUP
LOAD d:/programy/eclipse/plugins/fr.ac6.mcu.externaltools.arm-none.win32_1.7.0.201602121829/tools/compiler/bin/../lib/gcc/arm-none-eabi/5.2.1/armv7e-m/fpu\libgcc.a
LOAD d:/programy/eclipse/plugins/fr.ac6.mcu.externaltools.arm-none.win32_1.7.0.201602121829/tools/compiler/bin/../lib/gcc/arm-none-eabi/5.2.1/../../../../arm-none-eabi/lib/armv7e-m/fpu\libc.a
END GROUP
LOAD d:/programy/eclipse/plugins/fr.ac6.mcu.externaltools.arm-none.win32_1.7.0.201602121829/tools/compiler/bin/../lib/gcc/arm-none-eabi/5.2.1/armv7e-m/fpu/crtend.o
LOAD d:/programy/eclipse/plugins/fr.ac6.mcu.externaltools.arm-none.win32_1.7.0.201602121829/tools/compiler/bin/../lib/gcc/arm-none-eabi/5.2.1/armv7e-m/fpu/crtn.o
                0x20020000                _estack = 0x20020000
                0x00000000                _Min_Heap_Size = 0x0
                0x00000400                _Min_Stack_Size = 0x400

.isr_vector     0x08000000      0x188
                0x08000000                . = ALIGN (0x4)
 *(.isr_vector)
 .isr_vector    0x08000000      0x188 startup/startup_stm32f4xx.o
                0x08000000                g_pfnVectors
                0x08000188                . = ALIGN (0x4)

.text           0x08000188    0x72244
                0x08000188                . = ALIGN (0x4)
 *(.text)
 .text          0x08000188       0xa4 d:/programy/eclipse/plugins/fr.ac6.mcu.externaltools.arm-none.win32_1.7.0.201602121829/tools/compiler/bin/../lib/gcc/arm-none-eabi/5.2.1/armv7e-m/fpu/crtbegin.o
 *(.text*)
 .text.Reset_Handler
                0x0800022c       0x48 startup/startup_stm32f4xx.o
                0x0800022c                Reset_Handler
 .text.Default_Handler
                0x08000274        0x2 startup/startup_stm32f4xx.o
                0x08000274                RTC_Alarm_IRQHandler
                0x08000274                HASH_RNG_IRQHandler
                0x08000274                EXTI2_IRQHandler
                0x08000274                TIM8_CC_IRQHandler
                0x08000274                TIM1_CC_IRQHandler
                0x08000274                DMA2_Stream5_IRQHandler
                0x08000274                DMA1_Stream5_IRQHandler
                0x08000274                PVD_IRQHandler
                0x08000274                SDIO_IRQHandler
                0x08000274                TAMP_STAMP_IRQHandler
                0x08000274                CAN2_RX1_IRQHandler
                0x08000274                EXTI3_IRQHandler
                0x08000274                TIM8_TRG_COM_TIM14_IRQHandler
                0x08000274                TIM1_UP_TIM10_IRQHandler
                0x08000274                TIM8_UP_TIM13_IRQHandler
                0x08000274                I2C3_ER_IRQHandler
                0x08000274                EXTI0_IRQHandler
                0x08000274                I2C2_EV_IRQHandler
                0x08000274                DMA1_Stream2_IRQHandler
                0x08000274                CAN1_RX0_IRQHandler
                0x08000274                FPU_IRQHandler
                0x08000274                OTG_HS_WKUP_IRQHandler
                0x08000274                CAN2_SCE_IRQHandler
                0x08000274                DMA2_Stream2_IRQHandler
                0x08000274                SPI1_IRQHandler
                0x08000274                TIM6_DAC_IRQHandler
                0x08000274                TIM1_BRK_TIM9_IRQHandler
                0x08000274                DCMI_IRQHandler
                0x08000274                CAN2_RX0_IRQHandler
                0x08000274                DMA2_Stream3_IRQHandler
                0x08000274                USART6_IRQHandler
                0x08000274                USART3_IRQHandler
                0x08000274                CRYP_IRQHandler
                0x08000274                CAN1_RX1_IRQHandler
                0x08000274                UART5_IRQHandler
                0x08000274                DMA2_Stream0_IRQHandler
                0x08000274                TIM4_IRQHandler
                0x08000274                I2C1_EV_IRQHandler
                0x08000274                DMA1_Stream6_IRQHandler
                0x08000274                DMA1_Stream1_IRQHandler
                0x08000274                UART4_IRQHandler
                0x08000274                TIM3_IRQHandler
                0x08000274                RCC_IRQHandler
                0x08000274                TIM8_BRK_TIM12_IRQHandler
                0x08000274                Default_Handler
                0x08000274                ADC_IRQHandler
                0x08000274                DMA1_Stream7_IRQHandler
                0x08000274                TIM7_IRQHandler
                0x08000274                CAN2_TX_IRQHandler
                0x08000274                TIM5_IRQHandler
                0x08000274                DMA2_Stream7_IRQHandler
                0x08000274                I2C3_EV_IRQHandler
                0x08000274                EXTI9_5_IRQHandler
                0x08000274                RTC_WKUP_IRQHandler
                0x08000274                ETH_WKUP_IRQHandler
                0x08000274                SPI2_IRQHandler
                0x08000274                OTG_HS_EP1_IN_IRQHandler
                0x08000274                DMA1_Stream0_IRQHandler
                0x08000274                CAN1_TX_IRQHandler
                0x08000274                EXTI4_IRQHandler
                0x08000274                FSMC_IRQHandler
                0x08000274                ETH_IRQHandler
                0x08000274                OTG_HS_EP1_OUT_IRQHandler
                0x08000274                WWDG_IRQHandler
                0x08000274                TIM2_IRQHandler
                0x08000274                OTG_FS_WKUP_IRQHandler
                0x08000274                TIM1_TRG_COM_TIM11_IRQHandler
                0x08000274                OTG_HS_IRQHandler
                0x08000274                EXTI1_IRQHandler
                0x08000274                USART2_IRQHandler
                0x08000274                I2C2_ER_IRQHandler
                0x08000274                DMA2_Stream1_IRQHandler
                0x08000274                CAN1_SCE_IRQHandler
                0x08000274                FLASH_IRQHandler
                0x08000274                DMA2_Stream4_IRQHandler
                0x08000274                USART1_IRQHandler
                0x08000274                OTG_FS_IRQHandler
                0x08000274                SPI3_IRQHandler
                0x08000274                DMA1_Stream4_IRQHandler
                0x08000274                I2C1_ER_IRQHandler
                0x08000274                DMA2_Stream6_IRQHandler
                0x08000274                DMA1_Stream3_IRQHandler
 *fill*         0x08000276        0x2 
 .text.NVIC_SetPriority
                0x08000278       0x54 src/LCD_STM32F4.o
 .text.SysTick_Config
                0x080002cc       0x44 src/LCD_STM32F4.o
 .text.Clear_Screen
                0x08000310       0x3c src/LCD_STM32F4.o
                0x08000310                Clear_Screen
 .text.Set_Cursor
                0x0800034c       0x2c src/LCD_STM32F4.o
                0x0800034c                Set_Cursor
 .text.Draw_Image
                0x08000378       0x7c src/LCD_STM32F4.o
                0x08000378                Draw_Image
 .text.Init_LCD
                0x080003f4       0x78 src/LCD_STM32F4.o
                0x080003f4                Init_LCD
 .text.Write_Command
                0x0800046c       0x2c src/LCD_STM32F4.o
                0x0800046c                Write_Command
 .text.Write_GDDRAM_Prepare
                0x08000498       0x18 src/LCD_STM32F4.o
                0x08000498                Write_GDDRAM_Prepare
 .text.Write_Data
                0x080004b0       0x20 src/LCD_STM32F4.o
                0x080004b0                Write_Data
 .text.Init_GPIO
                0x080004d0      0x14c src/LCD_STM32F4.o
                0x080004d0                Init_GPIO
 .text.Init_FSMC
                0x0800061c       0x98 src/LCD_STM32F4.o
                0x0800061c                Init_FSMC
 .text.Init_SysTick
                0x080006b4       0x2c src/LCD_STM32F4.o
                0x080006b4                Init_SysTick
 .text.Delay_ms
                0x080006e0       0x28 src/LCD_STM32F4.o
                0x080006e0                Delay_ms
 .text.TimingDelay_Decrement
                0x08000708       0x24 src/LCD_STM32F4.o
                0x08000708                TimingDelay_Decrement
 .text.main     0x0800072c       0x5c src/main.o
                0x0800072c                main
 .text.pwm_init
                0x08000788       0xf8 src/pwm.o
                0x08000788                pwm_init
 .text.NMI_Handler
                0x08000880       0x10 src/stm32f4xx_it.o
                0x08000880                NMI_Handler
 .text.HardFault_Handler
                0x08000890        0x8 src/stm32f4xx_it.o
                0x08000890                HardFault_Handler
 .text.MemManage_Handler
                0x08000898        0x8 src/stm32f4xx_it.o
                0x08000898                MemManage_Handler
 .text.BusFault_Handler
                0x080008a0        0x8 src/stm32f4xx_it.o
                0x080008a0                BusFault_Handler
 .text.UsageFault_Handler
                0x080008a8        0x8 src/stm32f4xx_it.o
                0x080008a8                UsageFault_Handler
 .text.SVC_Handler
                0x080008b0       0x10 src/stm32f4xx_it.o
                0x080008b0                SVC_Handler
 .text.DebugMon_Handler
                0x080008c0       0x10 src/stm32f4xx_it.o
                0x080008c0                DebugMon_Handler
 .text.PendSV_Handler
                0x080008d0       0x10 src/stm32f4xx_it.o
                0x080008d0                PendSV_Handler
 .text.SysTick_Handler
                0x080008e0       0x38 src/stm32f4xx_it.o
                0x080008e0                SysTick_Handler
 .text.EXTI15_10_IRQHandler
                0x08000918       0x2c src/stm32f4xx_it.o
                0x08000918                EXTI15_10_IRQHandler
 .text.SystemInit
                0x08000944       0x5c src/system_stm32f4xx.o
                0x08000944                SystemInit
 .text.SetSysClock
                0x080009a0       0xf8 src/system_stm32f4xx.o
 .text.SPI_RW_Byte
                0x08000a98       0x54 src/ts.o
                0x08000a98                SPI_RW_Byte
 .text.SPI_Delay
                0x08000aec       0x28 src/ts.o
                0x08000aec                SPI_Delay
 .text.TPReadY  0x08000b14       0x6c src/ts.o
                0x08000b14                TPReadY
 .text.TPReadX  0x08000b80       0x6c src/ts.o
                0x08000b80                TPReadX
 .text.read_once
                0x08000bec       0x28 src/ts.o
                0x08000bec                read_once
 .text.touch_init
                0x08000c14      0x178 src/ts.o
                0x08000c14                touch_init
 .text.NVIC_Init
                0x08000d8c       0xc4 StdPeriph_Driver/src/misc.o
                0x08000d8c                NVIC_Init
 .text.EXTI_Init
                0x08000e50       0xe4 StdPeriph_Driver/src/stm32f4xx_exti.o
                0x08000e50                EXTI_Init
 .text.EXTI_GetITStatus
                0x08000f34       0x48 StdPeriph_Driver/src/stm32f4xx_exti.o
                0x08000f34                EXTI_GetITStatus
 .text.EXTI_ClearITPendingBit
                0x08000f7c       0x20 StdPeriph_Driver/src/stm32f4xx_exti.o
                0x08000f7c                EXTI_ClearITPendingBit
 .text.FSMC_NORSRAMInit
                0x08000f9c      0x138 StdPeriph_Driver/src/stm32f4xx_fsmc.o
                0x08000f9c                FSMC_NORSRAMInit
 .text.FSMC_NORSRAMCmd
                0x080010d4       0x54 StdPeriph_Driver/src/stm32f4xx_fsmc.o
                0x080010d4                FSMC_NORSRAMCmd
 .text.GPIO_Init
                0x08001128      0x11c StdPeriph_Driver/src/stm32f4xx_gpio.o
                0x08001128                GPIO_Init
 .text.GPIO_SetBits
                0x08001244       0x20 StdPeriph_Driver/src/stm32f4xx_gpio.o
                0x08001244                GPIO_SetBits
 .text.GPIO_ResetBits
                0x08001264       0x20 StdPeriph_Driver/src/stm32f4xx_gpio.o
                0x08001264                GPIO_ResetBits
 .text.GPIO_ToggleBits
                0x08001284       0x24 StdPeriph_Driver/src/stm32f4xx_gpio.o
                0x08001284                GPIO_ToggleBits
 .text.GPIO_PinAFConfig
                0x080012a8       0x94 StdPeriph_Driver/src/stm32f4xx_gpio.o
                0x080012a8                GPIO_PinAFConfig
 .text.RCC_GetClocksFreq
                0x0800133c      0x154 StdPeriph_Driver/src/stm32f4xx_rcc.o
                0x0800133c                RCC_GetClocksFreq
 .text.RCC_AHB1PeriphClockCmd
                0x08001490       0x40 StdPeriph_Driver/src/stm32f4xx_rcc.o
                0x08001490                RCC_AHB1PeriphClockCmd
 .text.RCC_AHB3PeriphClockCmd
                0x080014d0       0x40 StdPeriph_Driver/src/stm32f4xx_rcc.o
                0x080014d0                RCC_AHB3PeriphClockCmd
 .text.RCC_APB1PeriphClockCmd
                0x08001510       0x40 StdPeriph_Driver/src/stm32f4xx_rcc.o
                0x08001510                RCC_APB1PeriphClockCmd
 .text.RCC_APB2PeriphClockCmd
                0x08001550       0x40 StdPeriph_Driver/src/stm32f4xx_rcc.o
                0x08001550                RCC_APB2PeriphClockCmd
 .text.SPI_Init
                0x08001590       0x88 StdPeriph_Driver/src/stm32f4xx_spi.o
                0x08001590                SPI_Init
 .text.SPI_Cmd  0x08001618       0x40 StdPeriph_Driver/src/stm32f4xx_spi.o
                0x08001618                SPI_Cmd
 .text.SPI_I2S_ReceiveData
                0x08001658       0x1c StdPeriph_Driver/src/stm32f4xx_spi.o
                0x08001658                SPI_I2S_ReceiveData
 .text.SPI_I2S_SendData
                0x08001674       0x20 StdPeriph_Driver/src/stm32f4xx_spi.o
                0x08001674                SPI_I2S_SendData
 .text.SPI_I2S_GetFlagStatus
                0x08001694       0x38 StdPeriph_Driver/src/stm32f4xx_spi.o
                0x08001694                SPI_I2S_GetFlagStatus
 .text.SYSCFG_EXTILineConfig
                0x080016cc       0x84 StdPeriph_Driver/src/stm32f4xx_syscfg.o
                0x080016cc                SYSCFG_EXTILineConfig
 .text.TIM_TimeBaseInit
                0x08001750       0xd8 StdPeriph_Driver/src/stm32f4xx_tim.o
                0x08001750                TIM_TimeBaseInit
 .text.TIM_ARRPreloadConfig
                0x08001828       0x40 StdPeriph_Driver/src/stm32f4xx_tim.o
                0x08001828                TIM_ARRPreloadConfig
 .text.TIM_Cmd  0x08001868       0x40 StdPeriph_Driver/src/stm32f4xx_tim.o
                0x08001868                TIM_Cmd
 .text.TIM_OC1Init
                0x080018a8       0xf4 StdPeriph_Driver/src/stm32f4xx_tim.o
                0x080018a8                TIM_OC1Init
 .text.TIM_OC1PreloadConfig
                0x0800199c       0x38 StdPeriph_Driver/src/stm32f4xx_tim.o
                0x0800199c                TIM_OC1PreloadConfig
 .text.__libc_init_array
                0x080019d4       0x50 d:/programy/eclipse/plugins/fr.ac6.mcu.externaltools.arm-none.win32_1.7.0.201602121829/tools/compiler/bin/../lib/gcc/arm-none-eabi/5.2.1/../../../../arm-none-eabi/lib/armv7e-m/fpu\libc.a(lib_a-init.o)
                0x080019d4                __libc_init_array
 .text.memset   0x08001a24       0x9c d:/programy/eclipse/plugins/fr.ac6.mcu.externaltools.arm-none.win32_1.7.0.201602121829/tools/compiler/bin/../lib/gcc/arm-none-eabi/5.2.1/../../../../arm-none-eabi/lib/armv7e-m/fpu\libc.a(lib_a-memset.o)
                0x08001a24                memset
 .text.startup.register_fini
                0x08001ac0       0x14 d:/programy/eclipse/plugins/fr.ac6.mcu.externaltools.arm-none.win32_1.7.0.201602121829/tools/compiler/bin/../lib/gcc/arm-none-eabi/5.2.1/../../../../arm-none-eabi/lib/armv7e-m/fpu\libc.a(lib_a-__call_atexit.o)
 .text.atexit   0x08001ad4        0xc d:/programy/eclipse/plugins/fr.ac6.mcu.externaltools.arm-none.win32_1.7.0.201602121829/tools/compiler/bin/../lib/gcc/arm-none-eabi/5.2.1/../../../../arm-none-eabi/lib/armv7e-m/fpu\libc.a(lib_a-atexit.o)
                0x08001ad4                atexit
 .text.__libc_fini_array
                0x08001ae0       0x28 d:/programy/eclipse/plugins/fr.ac6.mcu.externaltools.arm-none.win32_1.7.0.201602121829/tools/compiler/bin/../lib/gcc/arm-none-eabi/5.2.1/../../../../arm-none-eabi/lib/armv7e-m/fpu\libc.a(lib_a-fini.o)
                0x08001ae0                __libc_fini_array
 .text.__register_exitproc
                0x08001b08       0xa4 d:/programy/eclipse/plugins/fr.ac6.mcu.externaltools.arm-none.win32_1.7.0.201602121829/tools/compiler/bin/../lib/gcc/arm-none-eabi/5.2.1/../../../../arm-none-eabi/lib/armv7e-m/fpu\libc.a(lib_a-__atexit.o)
                0x08001b08                __register_exitproc
 *(.rodata)
 .rodata        0x08001bac    0x70800 src/main.o
                0x0804cbac                fota
 *(.rodata*)
 .rodata.str1.4
                0x080723ac        0x4 d:/programy/eclipse/plugins/fr.ac6.mcu.externaltools.arm-none.win32_1.7.0.201602121829/tools/compiler/bin/../lib/gcc/arm-none-eabi/5.2.1/../../../../arm-none-eabi/lib/armv7e-m/fpu\libc.a(lib_a-impure.o)
                                  0x2 (size before relaxing)
 .rodata._global_impure_ptr
                0x080723b0        0x4 d:/programy/eclipse/plugins/fr.ac6.mcu.externaltools.arm-none.win32_1.7.0.201602121829/tools/compiler/bin/../lib/gcc/arm-none-eabi/5.2.1/../../../../arm-none-eabi/lib/armv7e-m/fpu\libc.a(lib_a-impure.o)
                0x080723b0                _global_impure_ptr
 *(.glue_7)
 .glue_7        0x080723b4        0x0 linker stubs
 *(.glue_7t)
 .glue_7t       0x080723b4        0x0 linker stubs
 *(.eh_frame)
 .eh_frame      0x080723b4        0x0 d:/programy/eclipse/plugins/fr.ac6.mcu.externaltools.arm-none.win32_1.7.0.201602121829/tools/compiler/bin/../lib/gcc/arm-none-eabi/5.2.1/armv7e-m/fpu/crtbegin.o
 *(.init)
 .init          0x080723b4        0x4 d:/programy/eclipse/plugins/fr.ac6.mcu.externaltools.arm-none.win32_1.7.0.201602121829/tools/compiler/bin/../lib/gcc/arm-none-eabi/5.2.1/armv7e-m/fpu/crti.o
                0x080723b4                _init
 .init          0x080723b8        0x8 d:/programy/eclipse/plugins/fr.ac6.mcu.externaltools.arm-none.win32_1.7.0.201602121829/tools/compiler/bin/../lib/gcc/arm-none-eabi/5.2.1/armv7e-m/fpu/crtn.o
 *(.fini)
 .fini          0x080723c0        0x4 d:/programy/eclipse/plugins/fr.ac6.mcu.externaltools.arm-none.win32_1.7.0.201602121829/tools/compiler/bin/../lib/gcc/arm-none-eabi/5.2.1/armv7e-m/fpu/crti.o
                0x080723c0                _fini
 .fini          0x080723c4        0x8 d:/programy/eclipse/plugins/fr.ac6.mcu.externaltools.arm-none.win32_1.7.0.201602121829/tools/compiler/bin/../lib/gcc/arm-none-eabi/5.2.1/armv7e-m/fpu/crtn.o
                0x080723cc                . = ALIGN (0x4)
                0x080723cc                _etext = .

.vfp11_veneer   0x080723cc        0x0
 .vfp11_veneer  0x080723cc        0x0 linker stubs

.v4_bx          0x080723cc        0x0
 .v4_bx         0x080723cc        0x0 linker stubs

.iplt           0x080723cc        0x0
 .iplt          0x080723cc        0x0 d:/programy/eclipse/plugins/fr.ac6.mcu.externaltools.arm-none.win32_1.7.0.201602121829/tools/compiler/bin/../lib/gcc/arm-none-eabi/5.2.1/armv7e-m/fpu/crtbegin.o

.rel.dyn        0x080723cc        0x0
 .rel.iplt      0x080723cc        0x0 d:/programy/eclipse/plugins/fr.ac6.mcu.externaltools.arm-none.win32_1.7.0.201602121829/tools/compiler/bin/../lib/gcc/arm-none-eabi/5.2.1/armv7e-m/fpu/crtbegin.o

.ARM.extab
 *(.ARM.extab* .gnu.linkonce.armextab.*)

.ARM            0x080723cc        0x0
                0x080723cc                __exidx_start = .
 *(.ARM.exidx*)
                0x080723cc                __exidx_end = .

.preinit_array  0x080723cc        0x0
                0x080723cc                PROVIDE (__preinit_array_start, .)
 *(.preinit_array*)
                0x080723cc                PROVIDE (__preinit_array_end, .)

.init_array     0x080723cc        0x8
                0x080723cc                PROVIDE (__init_array_start, .)
 *(SORT(.init_array.*))
 .init_array.00000
                0x080723cc        0x4 d:/programy/eclipse/plugins/fr.ac6.mcu.externaltools.arm-none.win32_1.7.0.201602121829/tools/compiler/bin/../lib/gcc/arm-none-eabi/5.2.1/../../../../arm-none-eabi/lib/armv7e-m/fpu\libc.a(lib_a-__call_atexit.o)
 *(.init_array*)
 .init_array    0x080723d0        0x4 d:/programy/eclipse/plugins/fr.ac6.mcu.externaltools.arm-none.win32_1.7.0.201602121829/tools/compiler/bin/../lib/gcc/arm-none-eabi/5.2.1/armv7e-m/fpu/crtbegin.o
                0x080723d4                PROVIDE (__init_array_end, .)

.fini_array     0x080723d4        0x4
                0x080723d4                PROVIDE (__fini_array_start, .)
 *(.fini_array*)
 .fini_array    0x080723d4        0x4 d:/programy/eclipse/plugins/fr.ac6.mcu.externaltools.arm-none.win32_1.7.0.201602121829/tools/compiler/bin/../lib/gcc/arm-none-eabi/5.2.1/armv7e-m/fpu/crtbegin.o
 *(SORT(.fini_array.*))
                0x080723d8                PROVIDE (__fini_array_end, .)
                0x080723d8                _sidata = .

.data           0x20000000      0x450 load address 0x080723d8
                0x20000000                . = ALIGN (0x4)
                0x20000000                _sdata = .
 *(.data)
 .data          0x20000000        0x2 src/main.o
                0x20000000                CCR1_Val
 .data          0x20000002        0x1 src/stm32f4xx_it.o
                0x20000002                Prescaler
 *fill*         0x20000003        0x1 
 .data          0x20000004       0x14 src/system_stm32f4xx.o
                0x20000004                SystemCoreClock
                0x20000008                AHBPrescTable
 .data          0x20000018       0x10 StdPeriph_Driver/src/stm32f4xx_rcc.o
 *(.data*)
 .data.impure_data
                0x20000028      0x428 d:/programy/eclipse/plugins/fr.ac6.mcu.externaltools.arm-none.win32_1.7.0.201602121829/tools/compiler/bin/../lib/gcc/arm-none-eabi/5.2.1/../../../../arm-none-eabi/lib/armv7e-m/fpu\libc.a(lib_a-impure.o)
                0x20000450                . = ALIGN (0x4)
                0x20000450                _edata = .

.jcr            0x20000450        0x0 load address 0x08072828
 .jcr           0x20000450        0x0 d:/programy/eclipse/plugins/fr.ac6.mcu.externaltools.arm-none.win32_1.7.0.201602121829/tools/compiler/bin/../lib/gcc/arm-none-eabi/5.2.1/armv7e-m/fpu/crtbegin.o

.tm_clone_table
                0x20000450        0x0 load address 0x08072828
 .tm_clone_table
                0x20000450        0x0 d:/programy/eclipse/plugins/fr.ac6.mcu.externaltools.arm-none.win32_1.7.0.201602121829/tools/compiler/bin/../lib/gcc/arm-none-eabi/5.2.1/armv7e-m/fpu/crtbegin.o
 .tm_clone_table
                0x20000450        0x0 d:/programy/eclipse/plugins/fr.ac6.mcu.externaltools.arm-none.win32_1.7.0.201602121829/tools/compiler/bin/../lib/gcc/arm-none-eabi/5.2.1/armv7e-m/fpu/crtend.o

.igot.plt       0x20000450        0x0 load address 0x08072828
 .igot.plt      0x20000450        0x0 d:/programy/eclipse/plugins/fr.ac6.mcu.externaltools.arm-none.win32_1.7.0.201602121829/tools/compiler/bin/../lib/gcc/arm-none-eabi/5.2.1/armv7e-m/fpu/crtbegin.o
                0x20000450                . = ALIGN (0x4)

.bss            0x20000450       0x64 load address 0x08072828
                0x20000450                _sbss = .
                0x20000450                __bss_start__ = _sbss
 *(.bss)
 .bss           0x20000450       0x1c d:/programy/eclipse/plugins/fr.ac6.mcu.externaltools.arm-none.win32_1.7.0.201602121829/tools/compiler/bin/../lib/gcc/arm-none-eabi/5.2.1/armv7e-m/fpu/crtbegin.o
 .bss           0x2000046c        0x8 src/LCD_STM32F4.o
 .bss           0x20000474        0x2 src/pwm.o
                0x20000474                PrescalerValue
 *(.bss*)
 *(COMMON)
 *fill*         0x20000476        0x2 
 COMMON         0x20000478       0x3c src/ts.o
                0x20000478                SPI_InitStructure
                0x2000048c                Pen_Point
                0x200004a8                NVIC_InitStructure
                0x200004ac                EXTI_InitStructure
                0x200004b4                . = ALIGN (0x4)
                0x200004b4                _ebss = .
                0x200004b4                __bss_end__ = _ebss

._user_heap_stack
                0x200004b4      0x404 load address 0x0807288c
                0x200004b8                . = ALIGN (0x8)
 *fill*         0x200004b4        0x4 
                0x200004b8                PROVIDE (end, .)
                [!provide]                PROVIDE (_end, .)
                0x200004b8                . = (. + _Min_Heap_Size)
                0x200008b8                . = (. + _Min_Stack_Size)
 *fill*         0x200004b8      0x400 
                0x200008b8                . = ALIGN (0x8)

.memory_b1_text
 *(.mb1text)
 *(.mb1text*)
 *(.mb1rodata)
 *(.mb1rodata*)

/DISCARD/
 libc.a(*)
 libm.a(*)
 libgcc.a(*)

.ARM.attributes
                0x00000000       0x30
 *(.ARM.attributes)
 .ARM.attributes
                0x00000000       0x22 d:/programy/eclipse/plugins/fr.ac6.mcu.externaltools.arm-none.win32_1.7.0.201602121829/tools/compiler/bin/../lib/gcc/arm-none-eabi/5.2.1/armv7e-m/fpu/crti.o
 .ARM.attributes
                0x00000022       0x34 d:/programy/eclipse/plugins/fr.ac6.mcu.externaltools.arm-none.win32_1.7.0.201602121829/tools/compiler/bin/../lib/gcc/arm-none-eabi/5.2.1/armv7e-m/fpu/crtbegin.o
 .ARM.attributes
                0x00000056       0x21 startup/startup_stm32f4xx.o
 .ARM.attributes
                0x00000077       0x39 src/LCD_STM32F4.o
 .ARM.attributes
                0x000000b0       0x39 src/main.o
 .ARM.attributes
                0x000000e9       0x39 src/pwm.o
 .ARM.attributes
                0x00000122       0x39 src/stm32f4xx_it.o
 .ARM.attributes
                0x0000015b       0x39 src/system_stm32f4xx.o
 .ARM.attributes
                0x00000194       0x39 src/ts.o
 .ARM.attributes
                0x000001cd       0x39 StdPeriph_Driver/src/misc.o
 .ARM.attributes
                0x00000206       0x39 StdPeriph_Driver/src/stm32f4xx_exti.o
 .ARM.attributes
                0x0000023f       0x39 StdPeriph_Driver/src/stm32f4xx_fsmc.o
 .ARM.attributes
                0x00000278       0x39 StdPeriph_Driver/src/stm32f4xx_gpio.o
 .ARM.attributes
                0x000002b1       0x39 StdPeriph_Driver/src/stm32f4xx_rcc.o
 .ARM.attributes
                0x000002ea       0x39 StdPeriph_Driver/src/stm32f4xx_spi.o
 .ARM.attributes
                0x00000323       0x39 StdPeriph_Driver/src/stm32f4xx_syscfg.o
 .ARM.attributes
                0x0000035c       0x39 StdPeriph_Driver/src/stm32f4xx_tim.o
 .ARM.attributes
                0x00000395       0x34 d:/programy/eclipse/plugins/fr.ac6.mcu.externaltools.arm-none.win32_1.7.0.201602121829/tools/compiler/bin/../lib/gcc/arm-none-eabi/5.2.1/../../../../arm-none-eabi/lib/armv7e-m/fpu\libc.a(lib_a-impure.o)
 .ARM.attributes
                0x000003c9       0x34 d:/programy/eclipse/plugins/fr.ac6.mcu.externaltools.arm-none.win32_1.7.0.201602121829/tools/compiler/bin/../lib/gcc/arm-none-eabi/5.2.1/../../../../arm-none-eabi/lib/armv7e-m/fpu\libc.a(lib_a-init.o)
 .ARM.attributes
                0x000003fd       0x34 d:/programy/eclipse/plugins/fr.ac6.mcu.externaltools.arm-none.win32_1.7.0.201602121829/tools/compiler/bin/../lib/gcc/arm-none-eabi/5.2.1/../../../../arm-none-eabi/lib/armv7e-m/fpu\libc.a(lib_a-memset.o)
 .ARM.attributes
                0x00000431       0x34 d:/programy/eclipse/plugins/fr.ac6.mcu.externaltools.arm-none.win32_1.7.0.201602121829/tools/compiler/bin/../lib/gcc/arm-none-eabi/5.2.1/../../../../arm-none-eabi/lib/armv7e-m/fpu\libc.a(lib_a-__call_atexit.o)
 .ARM.attributes
                0x00000465       0x34 d:/programy/eclipse/plugins/fr.ac6.mcu.externaltools.arm-none.win32_1.7.0.201602121829/tools/compiler/bin/../lib/gcc/arm-none-eabi/5.2.1/../../../../arm-none-eabi/lib/armv7e-m/fpu\libc.a(lib_a-atexit.o)
 .ARM.attributes
                0x00000499       0x34 d:/programy/eclipse/plugins/fr.ac6.mcu.externaltools.arm-none.win32_1.7.0.201602121829/tools/compiler/bin/../lib/gcc/arm-none-eabi/5.2.1/../../../../arm-none-eabi/lib/armv7e-m/fpu\libc.a(lib_a-fini.o)
 .ARM.attributes
                0x000004cd       0x34 d:/programy/eclipse/plugins/fr.ac6.mcu.externaltools.arm-none.win32_1.7.0.201602121829/tools/compiler/bin/../lib/gcc/arm-none-eabi/5.2.1/../../../../arm-none-eabi/lib/armv7e-m/fpu\libc.a(lib_a-__atexit.o)
 .ARM.attributes
                0x00000501       0x34 d:/programy/eclipse/plugins/fr.ac6.mcu.externaltools.arm-none.win32_1.7.0.201602121829/tools/compiler/bin/../lib/gcc/arm-none-eabi/5.2.1/armv7e-m/fpu/crtend.o
 .ARM.attributes
                0x00000535       0x22 d:/programy/eclipse/plugins/fr.ac6.mcu.externaltools.arm-none.win32_1.7.0.201602121829/tools/compiler/bin/../lib/gcc/arm-none-eabi/5.2.1/armv7e-m/fpu/crtn.o
OUTPUT(stm32_std_lcd.elf elf32-littlearm)

.debug_line     0x00000000     0x6255
 .debug_line    0x00000000       0x7b startup/startup_stm32f4xx.o
 .debug_line    0x0000007b      0x87f src/LCD_STM32F4.o
 .debug_line    0x000008fa      0x62d src/main.o
 .debug_line    0x00000f27      0x4e2 src/pwm.o
 .debug_line    0x00001409      0x6c1 src/stm32f4xx_it.o
 .debug_line    0x00001aca      0x53e src/system_stm32f4xx.o
 .debug_line    0x00002008      0x739 src/ts.o
 .debug_line    0x00002741      0x52d StdPeriph_Driver/src/misc.o
 .debug_line    0x00002c6e      0x586 StdPeriph_Driver/src/stm32f4xx_exti.o
 .debug_line    0x000031f4      0x76d StdPeriph_Driver/src/stm32f4xx_fsmc.o
 .debug_line    0x00003961      0x645 StdPeriph_Driver/src/stm32f4xx_gpio.o
 .debug_line    0x00003fa6      0x88b StdPeriph_Driver/src/stm32f4xx_rcc.o
 .debug_line    0x00004831      0x73f StdPeriph_Driver/src/stm32f4xx_spi.o
 .debug_line    0x00004f70      0x53e StdPeriph_Driver/src/stm32f4xx_syscfg.o
 .debug_line    0x000054ae      0xda7 StdPeriph_Driver/src/stm32f4xx_tim.o

.debug_info     0x00000000     0x7e44
 .debug_info    0x00000000       0x81 startup/startup_stm32f4xx.o
 .debug_info    0x00000081     0x1091 src/LCD_STM32F4.o
 .debug_info    0x00001112      0x44f src/main.o
 .debug_info    0x00001561      0x5b7 src/pwm.o
 .debug_info    0x00001b18      0x2b1 src/stm32f4xx_it.o
 .debug_info    0x00001dc9      0x59e src/system_stm32f4xx.o
 .debug_info    0x00002367      0xca9 src/ts.o
 .debug_info    0x00003010      0x549 StdPeriph_Driver/src/misc.o
 .debug_info    0x00003559      0x35f StdPeriph_Driver/src/stm32f4xx_exti.o
 .debug_info    0x000038b8      0x905 StdPeriph_Driver/src/stm32f4xx_fsmc.o
 .debug_info    0x000041bd      0x622 StdPeriph_Driver/src/stm32f4xx_gpio.o
 .debug_info    0x000047df      0xc61 StdPeriph_Driver/src/stm32f4xx_rcc.o
 .debug_info    0x00005440      0xb17 StdPeriph_Driver/src/stm32f4xx_spi.o
 .debug_info    0x00005f57      0x27c StdPeriph_Driver/src/stm32f4xx_syscfg.o
 .debug_info    0x000061d3     0x1c71 StdPeriph_Driver/src/stm32f4xx_tim.o

.debug_abbrev   0x00000000     0x155e
 .debug_abbrev  0x00000000       0x12 startup/startup_stm32f4xx.o
 .debug_abbrev  0x00000012      0x286 src/LCD_STM32F4.o
 .debug_abbrev  0x00000298       0xf9 src/main.o
 .debug_abbrev  0x00000391      0x12a src/pwm.o
 .debug_abbrev  0x000004bb      0x11d src/stm32f4xx_it.o
 .debug_abbrev  0x000005d8      0x13d src/system_stm32f4xx.o
 .debug_abbrev  0x00000715      0x20e src/ts.o
 .debug_abbrev  0x00000923      0x14c StdPeriph_Driver/src/misc.o
 .debug_abbrev  0x00000a6f      0x1ae StdPeriph_Driver/src/stm32f4xx_exti.o
 .debug_abbrev  0x00000c1d      0x177 StdPeriph_Driver/src/stm32f4xx_fsmc.o
 .debug_abbrev  0x00000d94      0x1ac StdPeriph_Driver/src/stm32f4xx_gpio.o
 .debug_abbrev  0x00000f40      0x1ea StdPeriph_Driver/src/stm32f4xx_rcc.o
 .debug_abbrev  0x0000112a      0x16e StdPeriph_Driver/src/stm32f4xx_spi.o
 .debug_abbrev  0x00001298      0x138 StdPeriph_Driver/src/stm32f4xx_syscfg.o
 .debug_abbrev  0x000013d0      0x18e StdPeriph_Driver/src/stm32f4xx_tim.o

.debug_aranges  0x00000000      0x998
 .debug_aranges
                0x00000000       0x28 startup/startup_stm32f4xx.o
 .debug_aranges
                0x00000028       0xd8 src/LCD_STM32F4.o
 .debug_aranges
                0x00000100       0x20 src/main.o
 .debug_aranges
                0x00000120       0x20 src/pwm.o
 .debug_aranges
                0x00000140       0x68 src/stm32f4xx_it.o
 .debug_aranges
                0x000001a8       0x30 src/system_stm32f4xx.o
 .debug_aranges
                0x000001d8       0x58 src/ts.o
 .debug_aranges
                0x00000230       0x40 StdPeriph_Driver/src/misc.o
 .debug_aranges
                0x00000270       0x58 StdPeriph_Driver/src/stm32f4xx_exti.o
 .debug_aranges
                0x000002c8       0xb0 StdPeriph_Driver/src/stm32f4xx_fsmc.o
 .debug_aranges
                0x00000378       0x88 StdPeriph_Driver/src/stm32f4xx_gpio.o
 .debug_aranges
                0x00000400      0x178 StdPeriph_Driver/src/stm32f4xx_rcc.o
 .debug_aranges
                0x00000578       0xe0 StdPeriph_Driver/src/stm32f4xx_spi.o
 .debug_aranges
                0x00000658       0x48 StdPeriph_Driver/src/stm32f4xx_syscfg.o
 .debug_aranges
                0x000006a0      0x2f8 StdPeriph_Driver/src/stm32f4xx_tim.o

.debug_ranges   0x00000000      0x8b0
 .debug_ranges  0x00000000       0x20 startup/startup_stm32f4xx.o
 .debug_ranges  0x00000020       0xc8 src/LCD_STM32F4.o
 .debug_ranges  0x000000e8       0x10 src/main.o
 .debug_ranges  0x000000f8       0x10 src/pwm.o
 .debug_ranges  0x00000108       0x58 src/stm32f4xx_it.o
 .debug_ranges  0x00000160       0x20 src/system_stm32f4xx.o
 .debug_ranges  0x00000180       0x48 src/ts.o
 .debug_ranges  0x000001c8       0x30 StdPeriph_Driver/src/misc.o
 .debug_ranges  0x000001f8       0x48 StdPeriph_Driver/src/stm32f4xx_exti.o
 .debug_ranges  0x00000240       0xa0 StdPeriph_Driver/src/stm32f4xx_fsmc.o
 .debug_ranges  0x000002e0       0x78 StdPeriph_Driver/src/stm32f4xx_gpio.o
 .debug_ranges  0x00000358      0x168 StdPeriph_Driver/src/stm32f4xx_rcc.o
 .debug_ranges  0x000004c0       0xd0 StdPeriph_Driver/src/stm32f4xx_spi.o
 .debug_ranges  0x00000590       0x38 StdPeriph_Driver/src/stm32f4xx_syscfg.o
 .debug_ranges  0x000005c8      0x2e8 StdPeriph_Driver/src/stm32f4xx_tim.o

.debug_macro    0x00000000     0xd9d5
 .debug_macro   0x00000000      0x12e src/LCD_STM32F4.o
 .debug_macro   0x0000012e      0x8b0 src/LCD_STM32F4.o
 .debug_macro   0x000009de       0x63 src/LCD_STM32F4.o
 .debug_macro   0x00000a41       0x35 src/LCD_STM32F4.o
 .debug_macro   0x00000a76       0x22 src/LCD_STM32F4.o
 .debug_macro   0x00000a98       0x44 src/LCD_STM32F4.o
 .debug_macro   0x00000adc       0xfd src/LCD_STM32F4.o
 .debug_macro   0x00000bd9       0x22 src/LCD_STM32F4.o
 .debug_macro   0x00000bfb      0x1df src/LCD_STM32F4.o
 .debug_macro   0x00000dda       0x18 src/LCD_STM32F4.o
 .debug_macro   0x00000df2       0x42 src/LCD_STM32F4.o
 .debug_macro   0x00000e34      0x8cb src/LCD_STM32F4.o
 .debug_macro   0x000016ff     0x8057 src/LCD_STM32F4.o
 .debug_macro   0x00009756       0xa6 src/LCD_STM32F4.o
 .debug_macro   0x000097fc      0x279 src/LCD_STM32F4.o
 .debug_macro   0x00009a75      0x265 src/LCD_STM32F4.o
 .debug_macro   0x00009cda      0x538 src/LCD_STM32F4.o
 .debug_macro   0x0000a212      0x36a src/LCD_STM32F4.o
 .debug_macro   0x0000a57c       0xdf src/LCD_STM32F4.o
 .debug_macro   0x0000a65b      0x73b src/LCD_STM32F4.o
 .debug_macro   0x0000ad96       0x7f src/LCD_STM32F4.o
 .debug_macro   0x0000ae15       0x35 src/LCD_STM32F4.o
 .debug_macro   0x0000ae4a       0x10 src/LCD_STM32F4.o
 .debug_macro   0x0000ae5a       0x46 src/LCD_STM32F4.o
 .debug_macro   0x0000aea0      0x22b src/main.o
 .debug_macro   0x0000b0cb      0x1e1 src/main.o
 .debug_macro   0x0000b2ac       0xca src/main.o
 .debug_macro   0x0000b376      0x118 src/pwm.o
 .debug_macro   0x0000b48e      0x735 src/pwm.o
 .debug_macro   0x0000bbc3      0x23b src/stm32f4xx_it.o
 .debug_macro   0x0000bdfe      0x273 src/stm32f4xx_it.o
 .debug_macro   0x0000c071      0x127 src/system_stm32f4xx.o
 .debug_macro   0x0000c198      0x223 src/ts.o
 .debug_macro   0x0000c3bb       0x79 src/ts.o
 .debug_macro   0x0000c434      0x114 StdPeriph_Driver/src/misc.o
 .debug_macro   0x0000c548      0x114 StdPeriph_Driver/src/stm32f4xx_exti.o
 .debug_macro   0x0000c65c      0x13e StdPeriph_Driver/src/stm32f4xx_fsmc.o
 .debug_macro   0x0000c79a      0x10e StdPeriph_Driver/src/stm32f4xx_gpio.o
 .debug_macro   0x0000c8a8      0x25f StdPeriph_Driver/src/stm32f4xx_gpio.o
 .debug_macro   0x0000cb07      0x1b6 StdPeriph_Driver/src/stm32f4xx_rcc.o
 .debug_macro   0x0000ccbd      0x532 StdPeriph_Driver/src/stm32f4xx_rcc.o
 .debug_macro   0x0000d1ef      0x139 StdPeriph_Driver/src/stm32f4xx_spi.o
 .debug_macro   0x0000d328      0x364 StdPeriph_Driver/src/stm32f4xx_spi.o
 .debug_macro   0x0000d68c      0x138 StdPeriph_Driver/src/stm32f4xx_syscfg.o
 .debug_macro   0x0000d7c4       0xd9 StdPeriph_Driver/src/stm32f4xx_syscfg.o
 .debug_macro   0x0000d89d      0x138 StdPeriph_Driver/src/stm32f4xx_tim.o

.debug_str      0x00000000    0x47d44
 .debug_str     0x00000000    0x41a56 src/LCD_STM32F4.o
                              0x41c03 (size before relaxing)
 .debug_str     0x00041a56     0x3a99 src/main.o
                              0x44b86 (size before relaxing)
 .debug_str     0x000454ef       0x48 src/pwm.o
                              0x412a1 (size before relaxing)
 .debug_str     0x00045537       0xbb src/stm32f4xx_it.o
                              0x44a5c (size before relaxing)
 .debug_str     0x000455f2      0x18c src/system_stm32f4xx.o
                              0x41115 (size before relaxing)
 .debug_str     0x0004577e      0x30e src/ts.o
                              0x45421 (size before relaxing)
 .debug_str     0x00045a8c      0x125 StdPeriph_Driver/src/misc.o
                              0x41136 (size before relaxing)
 .debug_str     0x00045bb1      0x118 StdPeriph_Driver/src/stm32f4xx_exti.o
                              0x410b9 (size before relaxing)
 .debug_str     0x00045cc9      0x50c StdPeriph_Driver/src/stm32f4xx_fsmc.o
                              0x415fd (size before relaxing)
 .debug_str     0x000461d5      0x177 StdPeriph_Driver/src/stm32f4xx_gpio.o
                              0x411e1 (size before relaxing)
 .debug_str     0x0004634c      0x9af StdPeriph_Driver/src/stm32f4xx_rcc.o
                              0x41a62 (size before relaxing)
 .debug_str     0x00046cfb      0x30c StdPeriph_Driver/src/stm32f4xx_spi.o
                              0x414a2 (size before relaxing)
 .debug_str     0x00047007      0x2a2 StdPeriph_Driver/src/stm32f4xx_syscfg.o
                              0x41192 (size before relaxing)
 .debug_str     0x000472a9      0xa9b StdPeriph_Driver/src/stm32f4xx_tim.o
                              0x41bd5 (size before relaxing)

.comment        0x00000000       0x6e
 .comment       0x00000000       0x6e src/LCD_STM32F4.o
                                 0x6f (size before relaxing)
 .comment       0x0000006e       0x6f src/main.o
 .comment       0x0000006e       0x6f src/pwm.o
 .comment       0x0000006e       0x6f src/stm32f4xx_it.o
 .comment       0x0000006e       0x6f src/system_stm32f4xx.o
 .comment       0x0000006e       0x6f src/ts.o
 .comment       0x0000006e       0x6f StdPeriph_Driver/src/misc.o
 .comment       0x0000006e       0x6f StdPeriph_Driver/src/stm32f4xx_exti.o
 .comment       0x0000006e       0x6f StdPeriph_Driver/src/stm32f4xx_fsmc.o
 .comment       0x0000006e       0x6f StdPeriph_Driver/src/stm32f4xx_gpio.o
 .comment       0x0000006e       0x6f StdPeriph_Driver/src/stm32f4xx_rcc.o
 .comment       0x0000006e       0x6f StdPeriph_Driver/src/stm32f4xx_spi.o
 .comment       0x0000006e       0x6f StdPeriph_Driver/src/stm32f4xx_syscfg.o
 .comment       0x0000006e       0x6f StdPeriph_Driver/src/stm32f4xx_tim.o

.debug_frame    0x00000000     0x2970
 .debug_frame   0x00000000      0x390 src/LCD_STM32F4.o
 .debug_frame   0x00000390       0x30 src/main.o
 .debug_frame   0x000003c0       0x34 src/pwm.o
 .debug_frame   0x000003f4      0x128 src/stm32f4xx_it.o
 .debug_frame   0x0000051c       0x7c src/system_stm32f4xx.o
 .debug_frame   0x00000598      0x134 src/ts.o
 .debug_frame   0x000006cc       0xd8 StdPeriph_Driver/src/misc.o
 .debug_frame   0x000007a4      0x148 StdPeriph_Driver/src/stm32f4xx_exti.o
 .debug_frame   0x000008ec      0x300 StdPeriph_Driver/src/stm32f4xx_fsmc.o
 .debug_frame   0x00000bec      0x23c StdPeriph_Driver/src/stm32f4xx_gpio.o
 .debug_frame   0x00000e28      0x6d4 StdPeriph_Driver/src/stm32f4xx_rcc.o
 .debug_frame   0x000014fc      0x3f4 StdPeriph_Driver/src/stm32f4xx_spi.o
 .debug_frame   0x000018f0       0xf4 StdPeriph_Driver/src/stm32f4xx_syscfg.o
 .debug_frame   0x000019e4      0xe54 StdPeriph_Driver/src/stm32f4xx_tim.o
 .debug_frame   0x00002838       0x2c d:/programy/eclipse/plugins/fr.ac6.mcu.externaltools.arm-none.win32_1.7.0.201602121829/tools/compiler/bin/../lib/gcc/arm-none-eabi/5.2.1/../../../../arm-none-eabi/lib/armv7e-m/fpu\libc.a(lib_a-init.o)
 .debug_frame   0x00002864       0x34 d:/programy/eclipse/plugins/fr.ac6.mcu.externaltools.arm-none.win32_1.7.0.201602121829/tools/compiler/bin/../lib/gcc/arm-none-eabi/5.2.1/../../../../arm-none-eabi/lib/armv7e-m/fpu\libc.a(lib_a-memset.o)
 .debug_frame   0x00002898       0x50 d:/programy/eclipse/plugins/fr.ac6.mcu.externaltools.arm-none.win32_1.7.0.201602121829/tools/compiler/bin/../lib/gcc/arm-none-eabi/5.2.1/../../../../arm-none-eabi/lib/armv7e-m/fpu\libc.a(lib_a-__call_atexit.o)
 .debug_frame   0x000028e8       0x20 d:/programy/eclipse/plugins/fr.ac6.mcu.externaltools.arm-none.win32_1.7.0.201602121829/tools/compiler/bin/../lib/gcc/arm-none-eabi/5.2.1/../../../../arm-none-eabi/lib/armv7e-m/fpu\libc.a(lib_a-atexit.o)
 .debug_frame   0x00002908       0x34 d:/programy/eclipse/plugins/fr.ac6.mcu.externaltools.arm-none.win32_1.7.0.201602121829/tools/compiler/bin/../lib/gcc/arm-none-eabi/5.2.1/../../../../arm-none-eabi/lib/armv7e-m/fpu\libc.a(lib_a-fini.o)
 .debug_frame   0x0000293c       0x34 d:/programy/eclipse/plugins/fr.ac6.mcu.externaltools.arm-none.win32_1.7.0.201602121829/tools/compiler/bin/../lib/gcc/arm-none-eabi/5.2.1/../../../../arm-none-eabi/lib/armv7e-m/fpu\libc.a(lib_a-__atexit.o)
